Component: ARM Compiler 5.06 update 3 (build 300) Tool: armlink [4d35c9]

==============================================================================

Section Cross References

    bsp.o(i.BSP_Accelerometer_Init) refers to bsp.o(i.adcinit) for adcinit
    bsp.o(i.BSP_Buzzer_Init) refers to bsp.o(.data) for ClockFrequency
    bsp.o(i.BSP_Buzzer_Set) refers to bsp.o(.data) for PWMCycles
    bsp.o(i.BSP_Clock_GetFreq) refers to bsp.o(.data) for ClockFrequency
    bsp.o(i.BSP_Clock_InitFastest) refers to bsp.o(.data) for ClockFrequency
    bsp.o(i.BSP_Delay1ms) refers to bsp.o(.emb_text) for parrotdelay
    bsp.o(i.BSP_Joystick_Init) refers to bsp.o(i.adcinit) for adcinit
    bsp.o(i.BSP_LCD_DrawBitmap) refers to bsp.o(i.setAddrWindow) for setAddrWindow
    bsp.o(i.BSP_LCD_DrawBitmap) refers to bsp.o(i.writedata) for writedata
    bsp.o(i.BSP_LCD_DrawBitmap) refers to bsp.o(.data) for _width
    bsp.o(i.BSP_LCD_DrawChar) refers to bsp.o(i.setAddrWindow) for setAddrWindow
    bsp.o(i.BSP_LCD_DrawChar) refers to bsp.o(i.pushColor) for pushColor
    bsp.o(i.BSP_LCD_DrawChar) refers to bsp.o(.data) for _width
    bsp.o(i.BSP_LCD_DrawChar) refers to bsp.o(.constdata) for Font
    bsp.o(i.BSP_LCD_DrawCharS) refers to bsp.o(i.BSP_LCD_DrawPixel) for BSP_LCD_DrawPixel
    bsp.o(i.BSP_LCD_DrawCharS) refers to bsp.o(i.BSP_LCD_FillRect) for BSP_LCD_FillRect
    bsp.o(i.BSP_LCD_DrawCharS) refers to bsp.o(.data) for _width
    bsp.o(i.BSP_LCD_DrawCharS) refers to bsp.o(.constdata) for Font
    bsp.o(i.BSP_LCD_DrawFastHLine) refers to bsp.o(i.setAddrWindow) for setAddrWindow
    bsp.o(i.BSP_LCD_DrawFastHLine) refers to bsp.o(i.writedata) for writedata
    bsp.o(i.BSP_LCD_DrawFastHLine) refers to bsp.o(.data) for _width
    bsp.o(i.BSP_LCD_DrawFastVLine) refers to bsp.o(i.setAddrWindow) for setAddrWindow
    bsp.o(i.BSP_LCD_DrawFastVLine) refers to bsp.o(i.writedata) for writedata
    bsp.o(i.BSP_LCD_DrawFastVLine) refers to bsp.o(.data) for _width
    bsp.o(i.BSP_LCD_DrawPixel) refers to bsp.o(i.setAddrWindow) for setAddrWindow
    bsp.o(i.BSP_LCD_DrawPixel) refers to bsp.o(i.pushColor) for pushColor
    bsp.o(i.BSP_LCD_DrawPixel) refers to bsp.o(.data) for _width
    bsp.o(i.BSP_LCD_DrawString) refers to bsp.o(i.BSP_LCD_DrawChar) for BSP_LCD_DrawChar
    bsp.o(i.BSP_LCD_Drawaxes) refers to bsp.o(i.BSP_LCD_FillRect) for BSP_LCD_FillRect
    bsp.o(i.BSP_LCD_Drawaxes) refers to bsp.o(i.BSP_LCD_DrawFastHLine) for BSP_LCD_DrawFastHLine
    bsp.o(i.BSP_LCD_Drawaxes) refers to bsp.o(i.BSP_LCD_DrawFastVLine) for BSP_LCD_DrawFastVLine
    bsp.o(i.BSP_LCD_Drawaxes) refers to bsp.o(i.BSP_LCD_DrawPixel) for BSP_LCD_DrawPixel
    bsp.o(i.BSP_LCD_Drawaxes) refers to bsp.o(i.BSP_LCD_DrawChar) for BSP_LCD_DrawChar
    bsp.o(i.BSP_LCD_Drawaxes) refers to bsp.o(.data) for Ymax
    bsp.o(i.BSP_LCD_FillRect) refers to bsp.o(i.setAddrWindow) for setAddrWindow
    bsp.o(i.BSP_LCD_FillRect) refers to bsp.o(i.writedata) for writedata
    bsp.o(i.BSP_LCD_FillRect) refers to bsp.o(.data) for _width
    bsp.o(i.BSP_LCD_FillScreen) refers to bsp.o(i.BSP_LCD_FillRect) for BSP_LCD_FillRect
    bsp.o(i.BSP_LCD_FillScreen) refers to bsp.o(.data) for _height
    bsp.o(i.BSP_LCD_Init) refers to bsp.o(i.ST7735_InitR) for ST7735_InitR
    bsp.o(i.BSP_LCD_OutUDec) refers to bsp.o(i.fillmessage) for fillmessage
    bsp.o(i.BSP_LCD_OutUDec) refers to bsp.o(i.BSP_LCD_DrawString) for BSP_LCD_DrawString
    bsp.o(i.BSP_LCD_OutUDec) refers to bsp.o(i.BSP_LCD_DrawChar) for BSP_LCD_DrawChar
    bsp.o(i.BSP_LCD_OutUDec) refers to bsp.o(.data) for StTextColor
    bsp.o(i.BSP_LCD_OutUDec) refers to bsp.o(.bss) for Message
    bsp.o(i.BSP_LCD_OutUDec4) refers to bsp.o(i.fillmessage4) for fillmessage4
    bsp.o(i.BSP_LCD_OutUDec4) refers to bsp.o(i.BSP_LCD_DrawString) for BSP_LCD_DrawString
    bsp.o(i.BSP_LCD_OutUDec4) refers to bsp.o(i.BSP_LCD_DrawChar) for BSP_LCD_DrawChar
    bsp.o(i.BSP_LCD_OutUDec4) refers to bsp.o(.data) for Messageindex
    bsp.o(i.BSP_LCD_OutUDec4) refers to bsp.o(.bss) for Message
    bsp.o(i.BSP_LCD_OutUDec5) refers to bsp.o(i.fillmessage5) for fillmessage5
    bsp.o(i.BSP_LCD_OutUDec5) refers to bsp.o(i.BSP_LCD_DrawString) for BSP_LCD_DrawString
    bsp.o(i.BSP_LCD_OutUDec5) refers to bsp.o(i.BSP_LCD_DrawChar) for BSP_LCD_DrawChar
    bsp.o(i.BSP_LCD_OutUDec5) refers to bsp.o(.data) for Messageindex
    bsp.o(i.BSP_LCD_OutUDec5) refers to bsp.o(.bss) for Message
    bsp.o(i.BSP_LCD_OutUFix2_1) refers to bsp.o(i.fillmessage2_1) for fillmessage2_1
    bsp.o(i.BSP_LCD_OutUFix2_1) refers to bsp.o(i.BSP_LCD_DrawString) for BSP_LCD_DrawString
    bsp.o(i.BSP_LCD_OutUFix2_1) refers to bsp.o(i.BSP_LCD_DrawChar) for BSP_LCD_DrawChar
    bsp.o(i.BSP_LCD_OutUFix2_1) refers to bsp.o(.data) for StY
    bsp.o(i.BSP_LCD_OutUFix2_1) refers to bsp.o(.bss) for Message
    bsp.o(i.BSP_LCD_OutUHex2) refers to bsp.o(i.fillmessage2_Hex) for fillmessage2_Hex
[...]
    Lab6GradeAddNotifyCharDescriptorMsg      0x00002c89   Thumb Code    78  texas.o(i.Lab6GradeAddNotifyCharDescriptorMsg)
    i.Lab6GradeAddServiceMsg                 0x00002d14   Section        0  texas.o(i.Lab6GradeAddServiceMsg)
    Lab6GradeAddServiceMsg                   0x00002d15   Thumb Code   106  texas.o(i.Lab6GradeAddServiceMsg)
    i.Lab6GradeGetStatusMsg                  0x00002da4   Section        0  texas.o(i.Lab6GradeGetStatusMsg)
    Lab6GradeGetStatusMsg                    0x00002da5   Thumb Code    44  texas.o(i.Lab6GradeGetStatusMsg)
    i.Lab6GradeGetVersionMsg                 0x00002df4   Section        0  texas.o(i.Lab6GradeGetVersionMsg)
    Lab6GradeGetVersionMsg                   0x00002df5   Thumb Code    44  texas.o(i.Lab6GradeGetVersionMsg)
    i.Lab6GradeRegisterServiceMsg            0x00002e44   Section        0  texas.o(i.Lab6GradeRegisterServiceMsg)
    Lab6GradeRegisterServiceMsg              0x00002e45   Thumb Code    44  texas.o(i.Lab6GradeRegisterServiceMsg)
    i.Lab6GradeSetAdvertisementData1Msg      0x00002e98   Section        0  texas.o(i.Lab6GradeSetAdvertisementData1Msg)
    Lab6GradeSetAdvertisementData1Msg        0x00002e99   Thumb Code    44  texas.o(i.Lab6GradeSetAdvertisementData1Msg)
    i.Lab6GradeSetAdvertisementDataMsg       0x00002ef4   Section        0  texas.o(i.Lab6GradeSetAdvertisementDataMsg)
    Lab6GradeSetAdvertisementDataMsg         0x00002ef5   Thumb Code    78  texas.o(i.Lab6GradeSetAdvertisementDataMsg)
    i.Lab6GradeSetDeviceNameMsg              0x00002f84   Section        0  texas.o(i.Lab6GradeSetDeviceNameMsg)
    Lab6GradeSetDeviceNameMsg                0x00002f85   Thumb Code    78  texas.o(i.Lab6GradeSetDeviceNameMsg)
    i.Lab6GradeStartAdvertisementMsg         0x00003010   Section        0  texas.o(i.Lab6GradeStartAdvertisementMsg)
    Lab6GradeStartAdvertisementMsg           0x00003011   Thumb Code    66  texas.o(i.Lab6GradeStartAdvertisementMsg)
    i.Lab6OutCheck                           0x00003080   Section        0  texas.o(i.Lab6OutCheck)
    i.Lab6_AddCharacteristic                 0x0000311c   Section        0  ap_lab6.o(i.Lab6_AddCharacteristic)
    i.Lab6_AddNotifyCharacteristic           0x0000323c   Section        0  ap_lab6.o(i.Lab6_AddNotifyCharacteristic)
    i.Lab6_AddService                        0x0000338c   Section        0  ap_lab6.o(i.Lab6_AddService)
    i.Lab6_GetStatus                         0x000033c8   Section        0  ap_lab6.o(i.Lab6_GetStatus)
    i.Lab6_GetVersion                        0x0000341c   Section        0  ap_lab6.o(i.Lab6_GetVersion)
    i.Lab6_RegisterService                   0x00003460   Section        0  ap_lab6.o(i.Lab6_RegisterService)
    i.Lab6_StartAdvertisement                0x0000349c   Section        0  ap_lab6.o(i.Lab6_StartAdvertisement)
    i.LogicAnalyzer                          0x00003584   Section        0  texas.o(i.LogicAnalyzer)
    i.NextRandom                             0x00003598   Section        0  texas.o(i.NextRandom)
    NextRandom                               0x00003599   Thumb Code    24  texas.o(i.NextRandom)
    i.OS_AddPeriodicEventThread              0x000035bc   Section        0  os.o(i.OS_AddPeriodicEventThread)
    i.OS_AddThreads                          0x00003608   Section        0  os.o(i.OS_AddThreads)
    i.OS_FIFO_Get                            0x000036c4   Section        0  os.o(i.OS_FIFO_Get)
    i.OS_FIFO_Init                           0x000036fc   Section        0  os.o(i.OS_FIFO_Init)
    i.OS_FIFO_Put                            0x00003728   Section        0  os.o(i.OS_FIFO_Put)
    i.OS_Init                                0x0000377c   Section        0  os.o(i.OS_Init)
    i.OS_InitSemaphore                       0x000037a4   Section        0  os.o(i.OS_InitSemaphore)
    i.OS_Launch                              0x000037a8   Section        0  os.o(i.OS_Launch)
    i.OS_Signal                              0x000037dc   Section        0  os.o(i.OS_Signal)
    i.OS_Sleep                               0x00003810   Section        0  os.o(i.OS_Sleep)
    i.OS_Suspend                             0x00003824   Section        0  os.o(i.OS_Suspend)
    i.OS_Wait                                0x0000383c   Section        0  os.o(i.OS_Wait)
    i.OutValue                               0x00003868   Section        0  lab6.o(i.OutValue)
    i.Period2FreqConvert                     0x0000387c   Section        0  os.o(i.Period2FreqConvert)
    i.PeriodicTask2_Init                     0x00003888   Section        0  texas.o(i.PeriodicTask2_Init)
    i.Profile_Init                           0x00003944   Section        0  profile.o(i.Profile_Init)
    i.RxFifo_Get                             0x00003b18   Section        0  uart1.o(i.RxFifo_Get)
    i.RxFifo_Init                            0x00003b50   Section        0  uart1.o(i.RxFifo_Init)
    i.RxFifo_Put                             0x00003b6c   Section        0  uart1.o(i.RxFifo_Put)
    i.ST7735_InitR                           0x00003bb4   Section        0  bsp.o(i.ST7735_InitR)
    ST7735_InitR                             0x00003bb5   Thumb Code    86  bsp.o(i.ST7735_InitR)
    i.Scheduler                              0x00003c28   Section        0  os.o(i.Scheduler)
    i.SetFCS                                 0x00003c58   Section        0  ap_lab6.o(i.SetFCS)
    i.SetFCSSolution                         0x00003c78   Section        0  texas.o(i.SetFCSSolution)
    SetFCSSolution                           0x00003c79   Thumb Code    38  texas.o(i.SetFCSSolution)
    i.SetGrade                               0x00003ca0   Section        0  texas.o(i.SetGrade)
    SetGrade                                 0x00003ca1   Thumb Code   196  texas.o(i.SetGrade)
    i.SetInitialStack                        0x00003d6c   Section        0  os.o(i.SetInitialStack)
    i.TExaS_Grade                            0x00003ebc   Section        0  texas.o(i.TExaS_Grade)
    i.TExaS_Init                             0x00003f64   Section        0  texas.o(i.TExaS_Init)
    i.TExaS_Task0                            0x000040f8   Section        0  texas.o(i.TExaS_Task0)
    i.TExaS_Task1                            0x00004138   Section        0  texas.o(i.TExaS_Task1)
    i.TExaS_Task2                            0x00004178   Section        0  texas.o(i.TExaS_Task2)
    i.TExaS_Task3                            0x000041b8   Section        0  texas.o(i.TExaS_Task3)
    i.TExaS_Task4                            0x000041f8   Section        0  texas.o(i.TExaS_Task4)
    i.TExaS_Task5                            0x00004238   Section        0  texas.o(i.TExaS_Task5)
    i.TExaS_Task6                            0x00004278   Section        0  texas.o(i.TExaS_Task6)
    i.TIMER5A_Handler                        0x000042b8   Section        0  texas.o(i.TIMER5A_Handler)
    i.Task0                                  0x000042d0   Section        0  lab6.o(i.Task0)
    i.Task0_Init                             0x0000435c   Section        0  lab6.o(i.Task0_Init)
    i.Task1                                  0x00004370   Section        0  lab6.o(i.Task1)
    i.Task1_Init                             0x000043e4   Section        0  lab6.o(i.Task1_Init)
    i.Task2                                  0x0000444c   Section        0  lab6.o(i.Task2)
    i.Task3                                  0x00004610   Section        0  lab6.o(i.Task3)
    i.Task4                                  0x00004758   Section        0  lab6.o(i.Task4)
    i.Task5                                  0x000047c0   Section        0  lab6.o(i.Task5)
    i.Task6                                  0x00004940   Section        0  lab6.o(i.Task6)
    i.Task7                                  0x00004994   Section        0  lab6.o(i.Task7)
    i.UART0_Init                             0x000049cc   Section        0  uart0.o(i.UART0_Init)
    i.UART0_OutChar                          0x00004a68   Section        0  uart0.o(i.UART0_OutChar)
    i.UART0_OutString                        0x00004a80   Section        0  uart0.o(i.UART0_OutString)
    i.UART0_OutUDec                          0x00004a98   Section        0  uart0.o(i.UART0_OutUDec)
    i.UART0_OutUHex                          0x00004ac2   Section        0  uart0.o(i.UART0_OutUHex)
    i.UART0_OutUHex2                         0x00004af6   Section        0  uart0.o(i.UART0_OutUHex2)
    i.UART1_FinishOutput                     0x00004b0c   Section        0  uart1.o(i.UART1_FinishOutput)
    i.UART1_Handler                          0x00004b30   Section        0  uart1.o(i.UART1_Handler)
    i.UART1_InChar                           0x00004b60   Section        0  uart1.o(i.UART1_InChar)
    i.UART1_InStatus                         0x00004b74   Section        0  uart1.o(i.UART1_InStatus)
    i.UART1_Init                             0x00004b8c   Section        0  uart1.o(i.UART1_Init)
    i.UART1_OutChar                          0x00004c58   Section        0  uart1.o(i.UART1_OutChar)
    i.WideTimer3A_Handler                    0x00004c70   Section        0  bsp.o(i.WideTimer3A_Handler)
    i.WideTimer4A_Handler                    0x00004c88   Section        0  bsp.o(i.WideTimer4A_Handler)
    i.WideTimer5A_Handler                    0x00004ca0   Section        0  bsp.o(i.WideTimer5A_Handler)
    i.adcinit                                0x00004cb8   Section        0  bsp.o(i.adcinit)
    adcinit                                  0x00004cb9   Thumb Code    58  bsp.o(i.adcinit)
    i.commandList                            0x00004d04   Section        0  bsp.o(i.commandList)
    commandList                              0x00004d05   Thumb Code    86  bsp.o(i.commandList)
    i.commonInit                             0x00004d5c   Section        0  bsp.o(i.commonInit)
    commonInit                               0x00004d5d   Thumb Code   452  bsp.o(i.commonInit)
    i.copyHardwareToSoftware                 0x00004f60   Section        0  uart1.o(i.copyHardwareToSoftware)
    copyHardwareToSoftware                   0x00004f61   Thumb Code    36  uart1.o(i.copyHardwareToSoftware)
    i.drawaxes                               0x00004f88   Section        0  lab6.o(i.drawaxes)
    i.fillmessage                            0x0000509c   Section        0  bsp.o(i.fillmessage)
    fillmessage                              0x0000509d   Thumb Code    64  bsp.o(i.fillmessage)
    i.fillmessage2_1                         0x000050e4   Section        0  bsp.o(i.fillmessage2_1)
    fillmessage2_1                           0x000050e5   Thumb Code    90  bsp.o(i.fillmessage2_1)
    i.fillmessage4                           0x00005144   Section        0  bsp.o(i.fillmessage4)
    fillmessage4                             0x00005145   Thumb Code    90  bsp.o(i.fillmessage4)
    i.i2cinit                                0x000051a8   Section        0  bsp.o(i.i2cinit)
    i2cinit                                  0x000051a9   Thumb Code   126  bsp.o(i.i2cinit)
    i.lightsensorend                         0x0000523c   Section        0  bsp.o(i.lightsensorend)
    lightsensorend                           0x0000523d   Thumb Code    80  bsp.o(i.lightsensorend)
    i.lightsensorstart                       0x0000528c   Section        0  bsp.o(i.lightsensorstart)
    lightsensorstart                         0x0000528d   Thumb Code    36  bsp.o(i.lightsensorstart)
    i.main                                   0x000052b0   Section        0  lab6.o(i.main)
    i.outnibble                              0x000053b4   Section        0  uart0.o(i.outnibble)
    i.pushColor                              0x000053d4   Section        0  bsp.o(i.pushColor)
    pushColor                                0x000053d5   Thumb Code    18  bsp.o(i.pushColor)
    i.runperiodicevents                      0x000053e8   Section        0  os.o(i.runperiodicevents)
    runperiodicevents                        0x000053e9   Thumb Code    42  os.o(i.runperiodicevents)
    i.setAddrWindow                          0x00005418   Section        0  bsp.o(i.setAddrWindow)
    setAddrWindow                            0x00005419   Thumb Code   106  bsp.o(i.setAddrWindow)
    i.sqrt32                                 0x0000548c   Section        0  lab6.o(i.sqrt32)
    i.tempsensorend                          0x000054aa   Section        0  bsp.o(i.tempsensorend)
    tempsensorend                            0x000054ab   Thumb Code    68  bsp.o(i.tempsensorend)
    i.tempsensorstart                        0x000054ee   Section        0  bsp.o(i.tempsensorstart)
    tempsensorstart                          0x000054ef   Thumb Code    18  bsp.o(i.tempsensorstart)
    i.writecommand                           0x00005500   Section        0  bsp.o(i.writecommand)
    writecommand                             0x00005501   Thumb Code    62  bsp.o(i.writecommand)
    i.writedata                              0x00005548   Section        0  bsp.o(i.writedata)
    writedata                                0x00005549   Thumb Code    64  bsp.o(i.writedata)
    .constdata                               0x00005590   Section     1403  bsp.o(.constdata)
    Font                                     0x00005590   Data        1275  bsp.o(.constdata)
    Rcmd1                                    0x00005a8b   Data          59  bsp.o(.constdata)
    Rcmd2green                               0x00005ac6   Data          13  bsp.o(.constdata)
    Rcmd2red                                 0x00005ad3   Data          13  bsp.o(.constdata)
    Rcmd3                                    0x00005ae0   Data          43  bsp.o(.constdata)
    .constdata                               0x00005b0c   Section      116  ap.o(.constdata)
    .constdata                               0x00005b80   Section       72  texas.o(.constdata)
    .data                                    0x20000000   Section       68  bsp.o(.data)
    ClockFrequency                           0x20000000   Data           4  bsp.o(.data)
    PWMCycles                                0x20000004   Data           2  bsp.o(.data)
    ColStart                                 0x20000012   Data           1  bsp.o(.data)
    RowStart                                 0x20000013   Data           1  bsp.o(.data)
    _width                                   0x20000014   Data           2  bsp.o(.data)
    _height                                  0x20000016   Data           2  bsp.o(.data)
    .data                                    0x20000044   Section       32  os.o(.data)
    .data                                    0x20000064   Section       90  lab6.o(.data)
    soundSum                                 0x200000b4   Data           4  lab6.o(.data)
    time                                     0x200000b8   Data           4  lab6.o(.data)
    prev1                                    0x200000bc   Data           1  lab6.o(.data)
    prev2                                    0x200000bd   Data           1  lab6.o(.data)
    .data                                    0x200000c0   Section      200  ap.o(.data)
    .data                                    0x20000188   Section       12  uart1.o(.data)
    .data                                    0x20000194   Section       44  texas.o(.data)
    grade                                    0x20000198   Data           4  texas.o(.data)
    Random                                   0x2000019c   Data           4  texas.o(.data)
    .bss                                     0x200001c0   Section       12  bsp.o(.bss)
    .bss                                     0x200001cc   Section     2536  os.o(.bss)
    .bss                                     0x20000bb4   Section     2000  lab6.o(.bss)
    .bss                                     0x20001384   Section      368  ap.o(.bss)
    .bss                                     0x200014f4   Section      256  uart1.o(.bss)
    .bss                                     0x200015f4   Section     1804  texas.o(.bss)
    TrueMsgBuffer                            0x20001cc0   Data          32  texas.o(.bss)
    TestMsgBuffer                            0x20001ce0   Data          32  texas.o(.bss)
    .bss                                     0x20001d00   Section       96  libspace.o(.bss)
    HEAP                                     0x20001d60   Section        0  startup_tm4c123.o(HEAP)
    STACK                                    0x20001d60   Section      512  startup_tm4c123.o(STACK)
    Heap_Mem                                 0x20001d60   Data           0  startup_tm4c123.o(HEAP)
    Stack_Mem                                0x20001d60   Data         512  startup_tm4c123.o(STACK)
    __initial_sp                             0x20001f60   Data           0  startup_tm4c123.o(STACK)

    Global Symbols

    Symbol Name                              Value     Ov Type        Size  Object(Section)

    BuildAttributes$$THM_ISAv4$E$P$D$K$B$S$7EM$PE$A:L22UL41UL21$X:L11$S22US41US21$IEEE1$IW$USESV6$~STKCKD$USESV7$~SHL$OSPACE$ROPI$EBA8$UX$STANDARDLIB$REQ8$PRES8$EABIv2 0x00000000   Number         0  anon$$obj.o ABSOLUTE
    __ARM_use_no_argv                        0x00000000   Number         0  lab6.o ABSOLUTE
    __Vectors                                0x00000000   Data           4  startup_tm4c123.o(RESET)
    __ARM_exceptions_init                     - Undefined Weak Reference
    __alloca_initialize                       - Undefined Weak Reference
    __arm_preinit_                            - Undefined Weak Reference
    __cpp_initialize__aeabi_                  - Undefined Weak Reference
    __cxa_finalize                            - Undefined Weak Reference
    __rt_locale                               - Undefined Weak Reference
    __sigvec_lookup                           - Undefined Weak Reference
    _atexit_init                              - Undefined Weak Reference
    _call_atexit_fns                          - Undefined Weak Reference
    _clock_init                               - Undefined Weak Reference
    _fp_trap_init                             - Undefined Weak Reference
    _fp_trap_shutdown                         - Undefined Weak Reference
    _get_lc_collate                           - Undefined Weak Reference
    _get_lc_ctype                             - Undefined Weak Reference
    _get_lc_monetary                          - Undefined Weak Reference
    _get_lc_numeric                           - Undefined Weak Reference
    _get_lc_time                              - Undefined Weak Reference
    _getenv_init                              - Undefined Weak Reference
    _handle_redirection                       - Undefined Weak Reference
    _init_alloc                               - Undefined Weak Reference
    _init_user_alloc                          - Undefined Weak Reference
    _initio                                   - Undefined Weak Reference
    _rand_init                                - Undefined Weak Reference
    _signal_finish                            - Undefined Weak Reference
    _signal_init                              - Undefined Weak Reference
    _terminate_alloc                          - Undefined Weak Reference
    _terminate_user_alloc                     - Undefined Weak Reference
    _terminateio                              - Undefined Weak Reference
    __Vectors_End                            0x0000026c   Data           0  startup_tm4c123.o(RESET)
    __Vectors_Size                           0x0000026c   Number         0  startup_tm4c123.o ABSOLUTE
    __main                                   0x0000026d   Thumb Code     8  __main.o(!!!main)
    __scatterload                            0x00000275   Thumb Code     0  __scatter.o(!!!scatter)
    __scatterload_rt2                        0x00000275   Thumb Code    44  __scatter.o(!!!scatter)
    __scatterload_rt2_thumb_only             0x00000275   Thumb Code     0  __scatter.o(!!!scatter)
    __scatterload_null                       0x00000283   Thumb Code     0  __scatter.o(!!!scatter)
    __decompress                             0x000002a9   Thumb Code    90  __dczerorl2.o(!!dczerorl2)
    __decompress1                            0x000002a9   Thumb Code     0  __dczerorl2.o(!!dczerorl2)
    __scatterload_zeroinit                   0x00000305   Thumb Code    28  __scatter_zi.o(!!handler_zi)
    __rt_lib_init                            0x00000321   Thumb Code     0  libinit.o(.ARM.Collect$$libinit$$00000000)
    __rt_lib_init_alloca_1                   0x00000323   Thumb Code     0  libinit2.o(.ARM.Collect$$libinit$$0000002E)
    __rt_lib_init_argv_1                     0x00000323   Thumb Code     0  libinit2.o(.ARM.Collect$$libinit$$0000002C)
    __rt_lib_init_atexit_1                   0x00000323   Thumb Code     0  libinit2.o(.ARM.Collect$$libinit$$0000001B)
    __rt_lib_init_clock_1                    0x00000323   Thumb Code     0  libinit2.o(.ARM.Collect$$libinit$$00000021)
    __rt_lib_init_cpp_1                      0x00000323   Thumb Code     0  libinit2.o(.ARM.Collect$$libinit$$00000032)
    __rt_lib_init_exceptions_1               0x00000323   Thumb Code     0  libinit2.o(.ARM.Collect$$libinit$$00000030)
    __rt_lib_init_fp_1                       0x00000323   Thumb Code     0  libinit2.o(.ARM.Collect$$libinit$$00000002)
    __rt_lib_init_fp_trap_1                  0x00000323   Thumb Code     0  libinit2.o(.ARM.Collect$$libinit$$0000001F)
    __rt_lib_init_getenv_1                   0x00000323   Thumb Code     0  libinit2.o(.ARM.Collect$$libinit$$00000023)
    __rt_lib_init_heap_1                     0x00000323   Thumb Code     0  libinit2.o(.ARM.Collect$$libinit$$0000000A)
    __rt_lib_init_lc_collate_1               0x00000323   Thumb Code     0  libinit2.o(.ARM.Collect$$libinit$$00000011)
    __rt_lib_init_lc_ctype_1                 0x00000323   Thumb Code     0  libinit2.o(.ARM.Collect$$libinit$$00000013)
    __rt_lib_init_lc_monetary_1              0x00000323   Thumb Code     0  libinit2.o(.ARM.Collect$$libinit$$00000015)
    __rt_lib_init_lc_numeric_1               0x00000323   Thumb Code     0  libinit2.o(.ARM.Collect$$libinit$$00000017)
    __rt_lib_init_lc_time_1                  0x00000323   Thumb Code     0  libinit2.o(.ARM.Collect$$libinit$$00000019)
    __rt_lib_init_preinit_1                  0x00000323   Thumb Code     0  libinit2.o(.ARM.Collect$$libinit$$00000004)
    __rt_lib_init_rand_1                     0x00000323   Thumb Code     0  libinit2.o(.ARM.Collect$$libinit$$0000000E)
    __rt_lib_init_return                     0x00000323   Thumb Code     0  libinit2.o(.ARM.Collect$$libinit$$00000033)
    __rt_lib_init_signal_1                   0x00000323   Thumb Code     0  libinit2.o(.ARM.Collect$$libinit$$0000001D)
    __rt_lib_init_stdio_1                    0x00000323   Thumb Code     0  libinit2.o(.ARM.Collect$$libinit$$00000025)
    __rt_lib_init_user_alloc_1               0x00000323   Thumb Code     0  libinit2.o(.ARM.Collect$$libinit$$0000000C)
    __rt_lib_shutdown                        0x00000325   Thumb Code     0  libshutdown.o(.ARM.Collect$$libshutdown$$00000000)
    __rt_lib_shutdown_cpp_1                  0x00000327   Thumb Code     0  libshutdown2.o(.ARM.Collect$$libshutdown$$00000002)
    __rt_lib_shutdown_fp_trap_1              0x00000327   Thumb Code     0  libshutdown2.o(.ARM.Collect$$libshutdown$$00000007)
    __rt_lib_shutdown_heap_1                 0x00000327   Thumb Code     0  libshutdown2.o(.ARM.Collect$$libshutdown$$0000000F)
    __rt_lib_shutdown_return                 0x00000327   Thumb Code     0  libshutdown2.o(.ARM.Collect$$libshutdown$$00000010)
    __rt_lib_shutdown_signal_1               0x00000327   Thumb Code     0  libshutdown2.o(.ARM.Collect$$libshutdown$$0000000A)
    __rt_lib_shutdown_stdio_1                0x00000327   Thumb Code     0  libshutdown2.o(.ARM.Collect$$libshutdown$$00000004)
    __rt_lib_shutdown_user_alloc_1           0x00000327   Thumb Code     0  libshutdown2.o(.ARM.Collect$$libshutdown$$0000000C)
    __rt_entry                               0x00000329   Thumb Code     0  __rtentry.o(.ARM.Collect$$rtentry$$00000000)
    __rt_entry_presh_1                       0x00000329   Thumb Code     0  __rtentry2.o(.ARM.Collect$$rtentry$$00000002)
    __rt_entry_sh                            0x00000329   Thumb Code     0  __rtentry4.o(.ARM.Collect$$rtentry$$00000004)
    __rt_entry_li                            0x0000032f   Thumb Code     0  __rtentry2.o(.ARM.Collect$$rtentry$$0000000A)
    __rt_entry_postsh_1                      0x0000032f   Thumb Code     0  __rtentry2.o(.ARM.Collect$$rtentry$$00000009)
    __rt_entry_main                          0x00000333   Thumb Code     0  __rtentry2.o(.ARM.Collect$$rtentry$$0000000D)
    __rt_entry_postli_1                      0x00000333   Thumb Code     0  __rtentry2.o(.ARM.Collect$$rtentry$$0000000C)
    __rt_exit                                0x0000033b   Thumb Code     0  rtexit.o(.ARM.Collect$$rtexit$$00000000)
    __rt_exit_ls                             0x0000033d   Thumb Code     0  rtexit2.o(.ARM.Collect$$rtexit$$00000003)
    __rt_exit_prels_1                        0x0000033d   Thumb Code     0  rtexit2.o(.ARM.Collect$$rtexit$$00000002)
    __rt_exit_exit                           0x00000341   Thumb Code     0  rtexit2.o(.ARM.Collect$$rtexit$$00000004)
    parrotdelay                              0x00000349   Thumb Code     6  bsp.o(.emb_text)
    delay                                    0x00000351   Thumb Code     6  cortexm.o(.emb_text)
    SysTick_Handler                          0x00000359   Thumb Code     0  osasm.o(.text)
    StartOS                                  0x0000037f   Thumb Code     0  osasm.o(.text)
    Reset_Handler                            0x000003a1   Thumb Code     4  startup_tm4c123.o(.text)
    NMI_Handler                              0x000003a5   Thumb Code     2  startup_tm4c123.o(.text)
    HardFault_Handler                        0x000003a7   Thumb Code     2  startup_tm4c123.o(.text)
    MemManage_Handler                        0x000003a9   Thumb Code     2  startup_tm4c123.o(.text)
    BusFault_Handler                         0x000003ab   Thumb Code     2  startup_tm4c123.o(.text)
    UsageFault_Handler                       0x000003ad   Thumb Code     2  startup_tm4c123.o(.text)
    SVC_Handler                              0x000003af   Thumb Code     2  startup_tm4c123.o(.text)
    DebugMon_Handler                         0x000003b1   Thumb Code     2  startup_tm4c123.o(.text)
    PendSV_Handler                           0x000003b3   Thumb Code     2  startup_tm4c123.o(.text)
    GPIOPortA_Handler                        0x000003b7   Thumb Code     2  startup_tm4c123.o(.text)
    GPIOPortB_Handler                        0x000003b9   Thumb Code     2  startup_tm4c123.o(.text)
    GPIOPortC_Handler                        0x000003bb   Thumb Code     2  startup_tm4c123.o(.text)
    GPIOPortD_Handler                        0x000003bd   Thumb Code     2  startup_tm4c123.o(.text)
    GPIOPortE_Handler                        0x000003bf   Thumb Code     2  startup_tm4c123.o(.text)
    UART0_Handler                            0x000003c1   Thumb Code     2  startup_tm4c123.o(.text)
    SSI0_Handler                             0x000003c5   Thumb Code     2  startup_tm4c123.o(.text)
    I2C0_Handler                             0x000003c7   Thumb Code     2  startup_tm4c123.o(.text)
    PMW0_FAULT_Handler                       0x000003c9   Thumb Code     2  startup_tm4c123.o(.text)
    PWM0Generator0_Handler                   0x000003cb   Thumb Code     2  startup_tm4c123.o(.text)
    PWM0Generator1_Handler                   0x000003cd   Thumb Code     2  startup_tm4c123.o(.text)
    PWM0Generator2_Handler                   0x000003cf   Thumb Code     2  startup_tm4c123.o(.text)
    Quadrature0_Handler                      0x000003d1   Thumb Code     2  startup_tm4c123.o(.text)
    ADC0Seq0_Handler                         0x000003d3   Thumb Code     2  startup_tm4c123.o(.text)
    ADC0Seq1_Handler                         0x000003d5   Thumb Code     2  startup_tm4c123.o(.text)
    ADC0Seq2_Handler                         0x000003d7   Thumb Code     2  startup_tm4c123.o(.text)
    ADC0Seq3_Handler                         0x000003d9   Thumb Code     2  startup_tm4c123.o(.text)
    WDT_Handler                              0x000003db   Thumb Code     2  startup_tm4c123.o(.text)
    TIMER0A_Handler                          0x000003dd   Thumb Code     2  startup_tm4c123.o(.text)
    TIMER0B_Handler                          0x000003df   Thumb Code     2  startup_tm4c123.o(.text)
    TIMER1A_Handler                          0x000003e1   Thumb Code     2  startup_tm4c123.o(.text)
    TIMER1B_Handler                          0x000003e3   Thumb Code     2  startup_tm4c123.o(.text)
    TIMER2A_Handler                          0x000003e5   Thumb Code     2  startup_tm4c123.o(.text)
    TIMER2B_Handler                          0x000003e7   Thumb Code     2  startup_tm4c123.o(.text)
    COMP0_Handler                            0x000003e9   Thumb Code     2  startup_tm4c123.o(.text)
    COMP1_Handler                            0x000003eb   Thumb Code     2  startup_tm4c123.o(.text)
    COMP2_Handler                            0x000003ed   Thumb Code     2  startup_tm4c123.o(.text)
    SYSCTL_Handler                           0x000003ef   Thumb Code     2  startup_tm4c123.o(.text)
    FlashCtl_Handler                         0x000003f1   Thumb Code     2  startup_tm4c123.o(.text)
    GPIOPortF_Handler                        0x000003f3   Thumb Code     2  startup_tm4c123.o(.text)
    GPIOPortG_Handler                        0x000003f5   Thumb Code     2  startup_tm4c123.o(.text)
    GPIOPortH_Handler                        0x000003f7   Thumb Code     2  startup_tm4c123.o(.text)
    UART2_Handler                            0x000003f9   Thumb Code     2  startup_tm4c123.o(.text)
    SSI1_Handler                             0x000003fb   Thumb Code     2  startup_tm4c123.o(.text)
    TIMER3A_Handler                          0x000003fd   Thumb Code     2  startup_tm4c123.o(.text)
    TIMER3B_Handler                          0x000003ff   Thumb Code     2  startup_tm4c123.o(.text)
    I2C1_Handler                             0x00000401   Thumb Code     2  startup_tm4c123.o(.text)
    Quadrature1_Handler                      0x00000403   Thumb Code     2  startup_tm4c123.o(.text)
    CAN0_Handler                             0x00000405   Thumb Code     2  startup_tm4c123.o(.text)
    CAN1_Handler                             0x00000407   Thumb Code     2  startup_tm4c123.o(.text)
    CAN2_Handler                             0x00000409   Thumb Code     2  startup_tm4c123.o(.text)
    Hibernate_Handler                        0x0000040b   Thumb Code     2  startup_tm4c123.o(.text)
    USB0_Handler                             0x0000040d   Thumb Code     2  startup_tm4c123.o(.text)
    PWM0Generator3_Handler                   0x0000040f   Thumb Code     2  startup_tm4c123.o(.text)
    UDMA_Handler                             0x00000411   Thumb Code     2  startup_tm4c123.o(.text)
    UDMAERR_Handler                          0x00000413   Thumb Code     2  startup_tm4c123.o(.text)
    ADC1Seq0_Handler                         0x00000415   Thumb Code     2  startup_tm4c123.o(.text)
    ADC1Seq1_Handler                         0x00000417   Thumb Code     2  startup_tm4c123.o(.text)
    ADC1Seq2_Handler                         0x00000419   Thumb Code     2  startup_tm4c123.o(.text)
    ADC1Seq3_Handler                         0x0000041b   Thumb Code     2  startup_tm4c123.o(.text)
    GPIOPortJ_Handler                        0x0000041d   Thumb Code     2  startup_tm4c123.o(.text)
    GPIOPortK_Handler                        0x0000041f   Thumb Code     2  startup_tm4c123.o(.text)
    GPIOPortL_Handler                        0x00000421   Thumb Code     2  startup_tm4c123.o(.text)
    SSI2_Handler                             0x00000423   Thumb Code     2  startup_tm4c123.o(.text)
    SSI3_Handler                             0x00000425   Thumb Code     2  startup_tm4c123.o(.text)
    UART3_Handler                            0x00000427   Thumb Code     2  startup_tm4c123.o(.text)
    UART4_Handler                            0x00000429   Thumb Code     2  startup_tm4c123.o(.text)
    UART5_Handler                            0x0000042b   Thumb Code     2  startup_tm4c123.o(.text)
    UART6_Handler                            0x0000042d   Thumb Code     2  startup_tm4c123.o(.text)
    UART7_Handler                            0x0000042f   Thumb Code     2  startup_tm4c123.o(.text)
    I2C2_Handler                             0x00000431   Thumb Code     2  startup_tm4c123.o(.text)
    I2C3_Handler                             0x00000433   Thumb Code     2  startup_tm4c123.o(.text)
    TIMER4A_Handler                          0x00000435   Thumb Code     2  startup_tm4c123.o(.text)
    TIMER4B_Handler                          0x00000437   Thumb Code     2  startup_tm4c123.o(.text)
    TIMER5B_Handler                          0x0000043b   Thumb Code     2  startup_tm4c123.o(.text)
    WideTimer0A_Handler                      0x0000043d   Thumb Code     2  startup_tm4c123.o(.text)
    WideTimer0B_Handler                      0x0000043f   Thumb Code     2  startup_tm4c123.o(.text)
    WideTimer1A_Handler                      0x00000441   Thumb Code     2  startup_tm4c123.o(.text)
    WideTimer1B_Handler                      0x00000443   Thumb Code     2  startup_tm4c123.o(.text)
    WideTimer2A_Handler                      0x00000445   Thumb Code     2  startup_tm4c123.o(.text)
    WideTimer2B_Handler                      0x00000447   Thumb Code     2  startup_tm4c123.o(.text)
    WideTimer3B_Handler                      0x0000044b   Thumb Code     2  startup_tm4c123.o(.text)
    WideTimer4B_Handler                      0x0000044f   Thumb Code     2  startup_tm4c123.o(.text)
    WideTimer5B_Handler                      0x00000453   Thumb Code     2  startup_tm4c123.o(.text)
    FPU_Handler                              0x00000455   Thumb Code     2  startup_tm4c123.o(.text)
    I2C4_Handler                             0x00000457   Thumb Code     2  startup_tm4c123.o(.text)
    I2C5_Handler                             0x00000459   Thumb Code     2  startup_tm4c123.o(.text)
    GPIOPortM_Handler                        0x0000045b   Thumb Code     2  startup_tm4c123.o(.text)
    GPIOPortN_Handler                        0x0000045d   Thumb Code     2  startup_tm4c123.o(.text)
    QEI2_Handler                             0x0000045f   Thumb Code     2  startup_tm4c123.o(.text)
    GPIOPortP0_Handler                       0x00000461   Thumb Code     2  startup_tm4c123.o(.text)
    GPIOPortP1_Handler                       0x00000463   Thumb Code     2  startup_tm4c123.o(.text)
    GPIOPortP2_Handler                       0x00000465   Thumb Code     2  startup_tm4c123.o(.text)
    GPIOPortP3_Handler                       0x00000467   Thumb Code     2  startup_tm4c123.o(.text)
    GPIOPortP4_Handler                       0x00000469   Thumb Code     2  startup_tm4c123.o(.text)
    GPIOPortP5_Handler                       0x0000046b   Thumb Code     2  startup_tm4c123.o(.text)
    GPIOPortP6_Handler                       0x0000046d   Thumb Code     2  startup_tm4c123.o(.text)
    GPIOPortP7_Handler                       0x0000046f   Thumb Code     2  startup_tm4c123.o(.text)
    GPIOPortQ0_Handler                       0x00000471   Thumb Code     2  startup_tm4c123.o(.text)
    GPIOPortQ1_Handler                       0x00000473   Thumb Code     2  startup_tm4c123.o(.text)
    GPIOPortQ2_Handler                       0x00000475   Thumb Code     2  startup_tm4c123.o(.text)
    GPIOPortQ3_Handler                       0x00000477   Thumb Code     2  startup_tm4c123.o(.text)
    GPIOPortQ4_Handler                       0x00000479   Thumb Code     2  startup_tm4c123.o(.text)
    GPIOPortQ5_Handler                       0x0000047b   Thumb Code     2  startup_tm4c123.o(.text)
    GPIOPortQ6_Handler                       0x0000047d   Thumb Code     2  startup_tm4c123.o(.text)
    GPIOPortQ7_Handler                       0x0000047f   Thumb Code     2  startup_tm4c123.o(.text)
    GPIOPortR_Handler                        0x00000481   Thumb Code     2  startup_tm4c123.o(.text)
    GPIOPortS_Handler                        0x00000483   Thumb Code     2  startup_tm4c123.o(.text)
    PWM1Generator0_Handler                   0x00000485   Thumb Code     2  startup_tm4c123.o(.text)
    PWM1Generator1_Handler                   0x00000487   Thumb Code     2  startup_tm4c123.o(.text)
    PWM1Generator2_Handler                   0x00000489   Thumb Code     2  startup_tm4c123.o(.text)
    PWM1Generator3_Handler                   0x0000048b   Thumb Code     2  startup_tm4c123.o(.text)
    PWM1Fault_Handler                        0x0000048d   Thumb Code     2  startup_tm4c123.o(.text)
    DisableInterrupts                        0x00000495   Thumb Code     0  startup_tm4c123.o(.text)
    EnableInterrupts                         0x00000499   Thumb Code     0  startup_tm4c123.o(.text)
    StartCritical                            0x0000049d   Thumb Code     0  startup_tm4c123.o(.text)
    EndCritical                              0x000004a5   Thumb Code     0  startup_tm4c123.o(.text)
    WaitForInterrupt                         0x000004ab   Thumb Code     0  startup_tm4c123.o(.text)
    __user_initial_stackheap                 0x000004af   Thumb Code     0  startup_tm4c123.o(.text)
    __use_two_region_memory                  0x000004c5   Thumb Code     2  heapauxi.o(.text)
    __rt_heap_escrow$2region                 0x000004c7   Thumb Code     2  heapauxi.o(.text)
    __rt_heap_expand$2region                 0x000004c9   Thumb Code     2  heapauxi.o(.text)
    __user_setup_stackheap                   0x000004cb   Thumb Code    74  sys_stackheap_outer.o(.text)
    exit                                     0x00000515   Thumb Code    18  exit.o(.text)
    __user_libspace                          0x00000529   Thumb Code     8  libspace.o(.text)
    __user_perproc_libspace                  0x00000529   Thumb Code     0  libspace.o(.text)
    __user_perthread_libspace                0x00000529   Thumb Code     0  libspace.o(.text)
    _sys_exit                                0x00000531   Thumb Code     8  sys_exit.o(.text)
    __I$use$semihosting                      0x0000053d   Thumb Code     0  use_no_semi.o(.text)
    __use_no_semihosting_swi                 0x0000053d   Thumb Code     2  use_no_semi.o(.text)
    __semihosting_library_function           0x0000053f   Thumb Code     0  indicate_semi.o(.text)
    AP_BackgroundProcess                     0x00000541   Thumb Code   478  ap.o(i.AP_BackgroundProcess)
    AP_EchoReceived                          0x00000749   Thumb Code    66  ap.o(i.AP_EchoReceived)
    AP_EchoSendMessage                       0x000007ad   Thumb Code    72  ap.o(i.AP_EchoSendMessage)
    AP_GetNotifyCCCD                         0x00000801   Thumb Code    16  ap.o(i.AP_GetNotifyCCCD)
    AP_GetSize                               0x00000815   Thumb Code    14  ap.o(i.AP_GetSize)
    AP_Init                                  0x00000825   Thumb Code   184  ap.o(i.AP_Init)
    AP_RecvMessage                           0x0000090d   Thumb Code   292  ap.o(i.AP_RecvMessage)
    AP_RecvStatus                            0x00000a41   Thumb Code    16  ap.o(i.AP_RecvStatus)
    AP_Reset                                 0x00000a51   Thumb Code    30  ap.o(i.AP_Reset)
    AP_SendMessage                           0x00000a79   Thumb Code   202  ap.o(i.AP_SendMessage)
    AP_SendMessageResponse                   0x00000b4d   Thumb Code    58  ap.o(i.AP_SendMessageResponse)
    AP_SendNotification                      0x00000b89   Thumb Code   172  ap.o(i.AP_SendNotification)
    BSP_Accelerometer_Init                   0x00000c59   Thumb Code   156  bsp.o(i.BSP_Accelerometer_Init)
    BSP_Accelerometer_Input                  0x00000d09   Thumb Code    66  bsp.o(i.BSP_Accelerometer_Input)
    BSP_Button1_Init                         0x00000d51   Thumb Code   112  bsp.o(i.BSP_Button1_Init)
    BSP_Button1_Input                        0x00000dd1   Thumb Code     8  bsp.o(i.BSP_Button1_Input)
    BSP_Button2_Init                         0x00000ddd   Thumb Code   124  bsp.o(i.BSP_Button2_Init)
    BSP_Button2_Input                        0x00000e6d   Thumb Code     8  bsp.o(i.BSP_Button2_Input)
    BSP_Buzzer_Init                          0x00000e79   Thumb Code   184  bsp.o(i.BSP_Buzzer_Init)
    BSP_Buzzer_Set                           0x00000f4d   Thumb Code    24  bsp.o(i.BSP_Buzzer_Set)
    BSP_Clock_GetFreq                        0x00000f6d   Thumb Code     6  bsp.o(i.BSP_Clock_GetFreq)
    BSP_Clock_InitFastest                    0x00000f79   Thumb Code   126  bsp.o(i.BSP_Clock_InitFastest)
    BSP_Delay1ms                             0x00001005   Thumb Code    22  bsp.o(i.BSP_Delay1ms)
    BSP_Joystick_Init                        0x0000101d   Thumb Code   268  bsp.o(i.BSP_Joystick_Init)
    BSP_Joystick_Input                       0x0000114d   Thumb Code    56  bsp.o(i.BSP_Joystick_Input)
    BSP_LCD_Color565                         0x0000118d   Thumb Code    24  bsp.o(i.BSP_LCD_Color565)
    BSP_LCD_DrawChar                         0x000011a5   Thumb Code   260  bsp.o(i.BSP_LCD_DrawChar)
    BSP_LCD_DrawFastHLine                    0x000012b5   Thumb Code   116  bsp.o(i.BSP_LCD_DrawFastHLine)
    BSP_LCD_DrawFastVLine                    0x00001331   Thumb Code   116  bsp.o(i.BSP_LCD_DrawFastVLine)
    BSP_LCD_DrawPixel                        0x000013ad   Thumb Code    64  bsp.o(i.BSP_LCD_DrawPixel)
    BSP_LCD_DrawString                       0x000013f5   Thumb Code    86  bsp.o(i.BSP_LCD_DrawString)
    BSP_LCD_Drawaxes                         0x0000144d   Thumb Code   272  bsp.o(i.BSP_LCD_Drawaxes)
    BSP_LCD_FillRect                         0x00001571   Thumb Code   164  bsp.o(i.BSP_LCD_FillRect)
    BSP_LCD_FillScreen                       0x0000161d   Thumb Code    28  bsp.o(i.BSP_LCD_FillScreen)
    BSP_LCD_Init                             0x00001641   Thumb Code    10  bsp.o(i.BSP_LCD_Init)
    BSP_LCD_OutUDec4                         0x0000164d   Thumb Code   116  bsp.o(i.BSP_LCD_OutUDec4)
    BSP_LCD_OutUFix2_1                       0x000016d5   Thumb Code    96  bsp.o(i.BSP_LCD_OutUFix2_1)
    BSP_LCD_PlotIncrement                    0x00001745   Thumb Code    46  bsp.o(i.BSP_LCD_PlotIncrement)
    BSP_LCD_PlotPoint                        0x0000177d   Thumb Code    86  bsp.o(i.BSP_LCD_PlotPoint)
    BSP_LCD_SetCursor                        0x000017e1   Thumb Code    22  bsp.o(i.BSP_LCD_SetCursor)
    BSP_LightSensor_End                      0x00001801   Thumb Code    58  bsp.o(i.BSP_LightSensor_End)
    BSP_LightSensor_Init                     0x00001845   Thumb Code    76  bsp.o(i.BSP_LightSensor_Init)
    BSP_LightSensor_Start                    0x00001899   Thumb Code    22  bsp.o(i.BSP_LightSensor_Start)
    BSP_Microphone_Init                      0x000018b5   Thumb Code   152  bsp.o(i.BSP_Microphone_Init)
    BSP_Microphone_Input                     0x00001961   Thumb Code    40  bsp.o(i.BSP_Microphone_Input)
    BSP_PeriodicTask_Init                    0x0000198d   Thumb Code   162  bsp.o(i.BSP_PeriodicTask_Init)
    BSP_PeriodicTask_InitB                   0x00001a4d   Thumb Code   160  bsp.o(i.BSP_PeriodicTask_InitB)
    BSP_PeriodicTask_InitC                   0x00001b09   Thumb Code   160  bsp.o(i.BSP_PeriodicTask_InitC)
    BSP_RGB_Init                             0x00001bc5   Thumb Code   522  bsp.o(i.BSP_RGB_Init)
    BSP_RGB_Set                              0x00001e05   Thumb Code    62  bsp.o(i.BSP_RGB_Set)
    BSP_TempSensor_End                       0x00001e55   Thumb Code    70  bsp.o(i.BSP_TempSensor_End)
    BSP_TempSensor_Init                      0x00001ea1   Thumb Code    76  bsp.o(i.BSP_TempSensor_Init)
    BSP_TempSensor_Start                     0x00001ef5   Thumb Code    22  bsp.o(i.BSP_TempSensor_Start)
    BSP_Time_Get                             0x00001f11   Thumb Code    10  bsp.o(i.BSP_Time_Get)
    BSP_Time_Init                            0x00001f21   Thumb Code    94  bsp.o(i.BSP_Time_Init)
    Bluetooth_Init                           0x00001f8d   Thumb Code   254  lab6.o(i.Bluetooth_Init)
    Bluetooth_ReadLight                      0x00002131   Thumb Code    14  lab6.o(i.Bluetooth_ReadLight)
    Bluetooth_ReadPlotState                  0x00002155   Thumb Code    14  lab6.o(i.Bluetooth_ReadPlotState)
    Bluetooth_ReadSound                      0x0000217d   Thumb Code    14  lab6.o(i.Bluetooth_ReadSound)
    Bluetooth_ReadTemperature                0x000021a5   Thumb Code    30  lab6.o(i.Bluetooth_ReadTemperature)
    Bluetooth_ReadTime                       0x000021e1   Thumb Code    14  lab6.o(i.Bluetooth_ReadTime)
    Bluetooth_Steps                          0x00002205   Thumb Code    20  lab6.o(i.Bluetooth_Steps)
    Bluetooth_WritePlotState                 0x00002221   Thumb Code    42  lab6.o(i.Bluetooth_WritePlotState)
    BuildAddCharDescriptorMsg                0x00002269   Thumb Code    82  ap_lab6.o(i.BuildAddCharDescriptorMsg)
    BuildAddCharValueMsg                     0x000022bb   Thumb Code    76  ap_lab6.o(i.BuildAddCharValueMsg)
    BuildAddNotifyCharDescriptorMsg          0x00002307   Thumb Code    86  ap_lab6.o(i.BuildAddNotifyCharDescriptorMsg)
    BuildAddServiceMsg                       0x0000235d   Thumb Code    48  ap_lab6.o(i.BuildAddServiceMsg)
    BuildGetStatusMsg                        0x0000238d   Thumb Code    30  ap_lab6.o(i.BuildGetStatusMsg)
    BuildGetVersionMsg                       0x000023ab   Thumb Code    30  ap_lab6.o(i.BuildGetVersionMsg)
    BuildRegisterServiceMsg                  0x000023c9   Thumb Code    30  ap_lab6.o(i.BuildRegisterServiceMsg)
    BuildSetAdvertisementData1Msg            0x000023e7   Thumb Code    72  ap_lab6.o(i.BuildSetAdvertisementData1Msg)
    BuildSetAdvertisementDataMsg             0x0000242f   Thumb Code   126  ap_lab6.o(i.BuildSetAdvertisementDataMsg)
    BuildSetDeviceNameMsg                    0x000024ad   Thumb Code    74  ap_lab6.o(i.BuildSetDeviceNameMsg)
    BuildStartAdvertisementMsg               0x000024f7   Thumb Code    78  ap_lab6.o(i.BuildStartAdvertisementMsg)
    Clock_Delay1ms                           0x00002545   Thumb Code    22  cortexm.o(i.Clock_Delay1ms)
    GPIO_Init                                0x000025c5   Thumb Code   274  gpio.o(i.GPIO_Init)
    GetStringLength                          0x00002701   Thumb Code    28  ap_lab6.o(i.GetStringLength)
    GetStringLength_withoutNULchar           0x0000271d   Thumb Code    24  ap_lab6.o(i.GetStringLength_withoutNULchar)
    Lab6OutCheck                             0x00003081   Thumb Code   122  texas.o(i.Lab6OutCheck)
    Lab6_AddCharacteristic                   0x0000311d   Thumb Code   228  ap_lab6.o(i.Lab6_AddCharacteristic)
    Lab6_AddNotifyCharacteristic             0x0000323d   Thumb Code   268  ap_lab6.o(i.Lab6_AddNotifyCharacteristic)
    Lab6_AddService                          0x0000338d   Thumb Code    36  ap_lab6.o(i.Lab6_AddService)
    Lab6_GetStatus                           0x000033c9   Thumb Code    58  ap_lab6.o(i.Lab6_GetStatus)
    Lab6_GetVersion                          0x0000341d   Thumb Code    42  ap_lab6.o(i.Lab6_GetVersion)
    Lab6_RegisterService                     0x00003461   Thumb Code    32  ap_lab6.o(i.Lab6_RegisterService)
    Lab6_StartAdvertisement                  0x0000349d   Thumb Code   120  ap_lab6.o(i.Lab6_StartAdvertisement)
    LogicAnalyzer                            0x00003585   Thumb Code    12  texas.o(i.LogicAnalyzer)
    OS_AddPeriodicEventThread                0x000035bd   Thumb Code    70  os.o(i.OS_AddPeriodicEventThread)
    OS_AddThreads                            0x00003609   Thumb Code   174  os.o(i.OS_AddThreads)
    OS_FIFO_Get                              0x000036c5   Thumb Code    42  os.o(i.OS_FIFO_Get)
    OS_FIFO_Init                             0x000036fd   Thumb Code    28  os.o(i.OS_FIFO_Init)
    OS_FIFO_Put                              0x00003729   Thumb Code    68  os.o(i.OS_FIFO_Put)
    OS_Init                                  0x0000377d   Thumb Code    30  os.o(i.OS_Init)
    OS_InitSemaphore                         0x000037a5   Thumb Code     4  os.o(i.OS_InitSemaphore)
    OS_Launch                                0x000037a9   Thumb Code    48  os.o(i.OS_Launch)
    OS_Signal                                0x000037dd   Thumb Code    46  os.o(i.OS_Signal)
    OS_Sleep                                 0x00003811   Thumb Code    16  os.o(i.OS_Sleep)
    OS_Suspend                               0x00003825   Thumb Code    18  os.o(i.OS_Suspend)
    OS_Wait                                  0x0000383d   Thumb Code    40  os.o(i.OS_Wait)
    OutValue                                 0x00003869   Thumb Code    20  lab6.o(i.OutValue)
    Period2FreqConvert                       0x0000387d   Thumb Code    12  os.o(i.Period2FreqConvert)
    PeriodicTask2_Init                       0x00003889   Thumb Code   164  texas.o(i.PeriodicTask2_Init)
    Profile_Init                             0x00003945   Thumb Code   418  profile.o(i.Profile_Init)
    RxFifo_Get                               0x00003b19   Thumb Code    44  uart1.o(i.RxFifo_Get)
    RxFifo_Init                              0x00003b51   Thumb Code    16  uart1.o(i.RxFifo_Init)
    RxFifo_Put                               0x00003b6d   Thumb Code    56  uart1.o(i.RxFifo_Put)
    Scheduler                                0x00003c29   Thumb Code    44  os.o(i.Scheduler)
    SetFCS                                   0x00003c59   Thumb Code    32  ap_lab6.o(i.SetFCS)
    SetInitialStack                          0x00003d6d   Thumb Code   326  os.o(i.SetInitialStack)
    TExaS_Grade                              0x00003ebd   Thumb Code   120  texas.o(i.TExaS_Grade)
    TExaS_Init                               0x00003f65   Thumb Code   308  texas.o(i.TExaS_Init)
    TExaS_Task0                              0x000040f9   Thumb Code    50  texas.o(i.TExaS_Task0)
    TExaS_Task1                              0x00004139   Thumb Code    50  texas.o(i.TExaS_Task1)
    TExaS_Task2                              0x00004179   Thumb Code    50  texas.o(i.TExaS_Task2)
    TExaS_Task3                              0x000041b9   Thumb Code    50  texas.o(i.TExaS_Task3)
    TExaS_Task4                              0x000041f9   Thumb Code    50  texas.o(i.TExaS_Task4)
    TExaS_Task5                              0x00004239   Thumb Code    50  texas.o(i.TExaS_Task5)
    TExaS_Task6                              0x00004279   Thumb Code    50  texas.o(i.TExaS_Task6)
    TIMER5A_Handler                          0x000042b9   Thumb Code    16  texas.o(i.TIMER5A_Handler)
    Task0                                    0x000042d1   Thumb Code   110  lab6.o(i.Task0)
    Task0_Init                               0x0000435d   Thumb Code    14  lab6.o(i.Task0_Init)
    Task1                                    0x00004371   Thumb Code    90  lab6.o(i.Task1)
    Task1_Init                               0x000043e5   Thumb Code    74  lab6.o(i.Task1_Init)
    Task2                                    0x0000444d   Thumb Code   406  lab6.o(i.Task2)
    Task3                                    0x00004611   Thumb Code   302  lab6.o(i.Task3)
    Task4                                    0x00004759   Thumb Code    90  lab6.o(i.Task4)
    Task5                                    0x000047c1   Thumb Code   304  lab6.o(i.Task5)
    Task6                                    0x00004941   Thumb Code    74  lab6.o(i.Task6)
    Task7                                    0x00004995   Thumb Code    46  lab6.o(i.Task7)
    UART0_Init                               0x000049cd   Thumb Code   136  uart0.o(i.UART0_Init)
    UART0_OutChar                            0x00004a69   Thumb Code    20  uart0.o(i.UART0_OutChar)
    UART0_OutString                          0x00004a81   Thumb Code    24  uart0.o(i.UART0_OutString)
    UART0_OutUDec                            0x00004a99   Thumb Code    42  uart0.o(i.UART0_OutUDec)
    UART0_OutUHex                            0x00004ac3   Thumb Code    52  uart0.o(i.UART0_OutUHex)
    UART0_OutUHex2                           0x00004af7   Thumb Code    20  uart0.o(i.UART0_OutUHex2)
    UART1_FinishOutput                       0x00004b0d   Thumb Code    30  uart1.o(i.UART1_FinishOutput)
    UART1_Handler                            0x00004b31   Thumb Code    44  uart1.o(i.UART1_Handler)
    UART1_InChar                             0x00004b61   Thumb Code    20  uart1.o(i.UART1_InChar)
    UART1_InStatus                           0x00004b75   Thumb Code    14  uart1.o(i.UART1_InStatus)
    UART1_Init                               0x00004b8d   Thumb Code   180  uart1.o(i.UART1_Init)
    UART1_OutChar                            0x00004c59   Thumb Code    20  uart1.o(i.UART1_OutChar)
    WideTimer3A_Handler                      0x00004c71   Thumb Code    16  bsp.o(i.WideTimer3A_Handler)
    WideTimer4A_Handler                      0x00004c89   Thumb Code    16  bsp.o(i.WideTimer4A_Handler)
    WideTimer5A_Handler                      0x00004ca1   Thumb Code    16  bsp.o(i.WideTimer5A_Handler)
    drawaxes                                 0x00004f89   Thumb Code   218  lab6.o(i.drawaxes)
    main                                     0x000052b1   Thumb Code   210  lab6.o(i.main)
    outnibble                                0x000053b5   Thumb Code    32  uart0.o(i.outnibble)
    sqrt32                                   0x0000548d   Thumb Code    30  lab6.o(i.sqrt32)
    RECVSIZE                                 0x00005b0c   Data           4  ap.o(.constdata)
    HCI_EXT_ResetSystemCmd                   0x00005b10   Data           9  ap.o(.constdata)
    NPI_GetStatus                            0x00005b19   Data           6  ap.o(.constdata)
    NPI_GetVersion                           0x00005b1f   Data           6  ap.o(.constdata)
    NPI_Register                             0x00005b25   Data           6  ap.o(.constdata)
    NPI_SetAdvertisement1                    0x00005b2b   Data          17  ap.o(.constdata)
    NPI_SetAdvertisementSAP                  0x00005b3c   Data          37  ap.o(.constdata)
    NPI_StartAdvertisement                   0x00005b61   Data          20  ap.o(.constdata)
    MAXCHARACTERISTICS                       0x00005b78   Data           4  ap.o(.constdata)
    NOTIFYMAXCHARACTERISTICS                 0x00005b7c   Data           4  ap.o(.constdata)
    Key                                      0x00005b80   Data           8  texas.o(.constdata)
    Scramble                                 0x00005b88   Data          32  texas.o(.constdata)
    DeScramble                               0x00005ba8   Data          32  texas.o(.constdata)
    Region$$Table$$Base                      0x00005bc8   Number         0  anon$$obj.o(Region$$Table)
    Region$$Table$$Limit                     0x00005be8   Number         0  anon$$obj.o(Region$$Table)
    StX                                      0x20000008   Data           4  bsp.o(.data)
    StY                                      0x2000000c   Data           4  bsp.o(.data)
    StTextColor                              0x20000010   Data           2  bsp.o(.data)
    Messageindex                             0x20000018   Data           4  bsp.o(.data)
    TimeIndex                                0x2000001c   Data           4  bsp.o(.data)
    Ymax                                     0x20000020   Data           4  bsp.o(.data)
    Ymin                                     0x20000024   Data           4  bsp.o(.data)
    Yrange                                   0x20000028   Data           4  bsp.o(.data)
    PlotBGColor                              0x2000002c   Data           2  bsp.o(.data)
    PeriodicTask                             0x20000030   Data           4  bsp.o(.data)
    PeriodicTaskB                            0x20000034   Data           4  bsp.o(.data)
    PeriodicTaskC                            0x20000038   Data           4  bsp.o(.data)
    LightBusy                                0x2000003c   Data           4  bsp.o(.data)
    TempBusy                                 0x20000040   Data           4  bsp.o(.data)
    RunPt                                    0x20000044   Data           4  os.o(.data)
    EventThread1Pt                           0x20000048   Data           4  os.o(.data)
    EventThread2Pt                           0x2000004c   Data           4  os.o(.data)
    EventThreadCount                         0x20000050   Data           4  os.o(.data)
    PutI                                     0x20000054   Data           4  os.o(.data)
    GetI                                     0x20000058   Data           4  os.o(.data)
    CurrentSize                              0x2000005c   Data           4  os.o(.data)
    LostData                                 0x20000060   Data           4  os.o(.data)
    Time                                     0x20000064   Data           4  lab6.o(.data)
    Steps                                    0x20000068   Data           4  lab6.o(.data)
    Magnitude                                0x2000006c   Data           4  lab6.o(.data)
    EWMA                                     0x20000070   Data           4  lab6.o(.data)
    SoundData                                0x20000074   Data           2  lab6.o(.data)
    SoundAvg                                 0x20000078   Data           4  lab6.o(.data)
    SoundRMS                                 0x2000007c   Data           4  lab6.o(.data)
    LightData                                0x20000080   Data           4  lab6.o(.data)
    TemperatureData                          0x20000084   Data           4  lab6.o(.data)
    TemperatureByteData                      0x20000088   Data           1  lab6.o(.data)
    NewData                                  0x2000008c   Data           4  lab6.o(.data)
    LCDmutex                                 0x20000090   Data           4  lab6.o(.data)
    I2Cmutex                                 0x20000094   Data           4  lab6.o(.data)
    ReDrawAxes                               0x20000098   Data           4  lab6.o(.data)
    Send0Flag                                0x2000009c   Data           4  lab6.o(.data)
    PlotState                                0x200000a0   Data           1  lab6.o(.data)
    LostTask1Data                            0x200000a4   Data           4  lab6.o(.data)
    AccX                                     0x200000a8   Data           2  lab6.o(.data)
    AccY                                     0x200000aa   Data           2  lab6.o(.data)
    AccZ                                     0x200000ac   Data           2  lab6.o(.data)
    AlgorithmState                           0x200000ae   Data           1  lab6.o(.data)
    Count7                                   0x200000b0   Data           4  lab6.o(.data)
    fcserr                                   0x200000c0   Data           4  ap.o(.data)
    TimeOutErr                               0x200000c4   Data           4  ap.o(.data)
    NoSOFErr                                 0x200000c8   Data           4  ap.o(.data)
    NPI_AddService                           0x200000cc   Data           9  ap.o(.data)
    NPI_GATTSetDeviceName                    0x200000d5   Data          28  ap.o(.data)
    NPI_SetAdvertisementData                 0x200000f1   Data          37  ap.o(.data)
    NPI_ReadConfirmation                     0x20000116   Data          21  ap.o(.data)
    NPI_WriteConfirmation                    0x2000012b   Data           9  ap.o(.data)
    NPI_CCCDUpdatedConfirmation              0x20000134   Data           9  ap.o(.data)
    NPI_SendNotificationIndication           0x2000013d   Data          20  ap.o(.data)
    NPI_AddCharValue                         0x20000151   Data          14  ap.o(.data)
    NPI_AddCharDescriptor                    0x2000015f   Data          32  ap.o(.data)
    CharacteristicCount                      0x20000180   Data           4  ap.o(.data)
    NotifyCharacteristicCount                0x20000184   Data           4  ap.o(.data)
    RxPutI                                   0x20000188   Data           4  uart1.o(.data)
    RxGetI                                   0x2000018c   Data           4  uart1.o(.data)
    RxFifoLost                               0x20000190   Data           4  uart1.o(.data)
    edXNum                                   0x20000194   Data           2  texas.o(.data)
    LogicData                                0x20000196   Data           1  texas.o(.data)
    Index0                                   0x200001a0   Data           4  texas.o(.data)
    Index1                                   0x200001a4   Data           4  texas.o(.data)
    Index2                                   0x200001a8   Data           4  texas.o(.data)
    Index3                                   0x200001ac   Data           4  texas.o(.data)
    Index4                                   0x200001b0   Data           4  texas.o(.data)
    Index5                                   0x200001b4   Data           4  texas.o(.data)
    Index6                                   0x200001b8   Data           4  texas.o(.data)
    PeriodicTask2                            0x200001bc   Data           4  texas.o(.data)
    Message                                  0x200001c0   Data          12  bsp.o(.bss)
    tcbs                                     0x200001cc   Data          96  os.o(.bss)
    Stacks                                   0x2000022c   Data        2400  os.o(.bss)
    Fifo                                     0x20000b8c   Data          40  os.o(.bss)
    SoundArray                               0x20000bb4   Data        2000  lab6.o(.bss)
    RecvBuf                                  0x20001384   Data         128  ap.o(.bss)
    CharacteristicList                       0x20001404   Data         160  ap.o(.bss)
    NotifyCharacteristicList                 0x200014a4   Data          80  ap.o(.bss)
    RxFIFO                                   0x200014f4   Data         256  uart1.o(.bss)
    MagicCode                                0x200015f4   Data          10  texas.o(.bss)
    EncriptedMagicCode                       0x200015fe   Data          10  texas.o(.bss)
    TimeBuffer0                              0x20001608   Data         400  texas.o(.bss)
    TimeBuffer1                              0x20001798   Data         400  texas.o(.bss)
    TimeBuffer2                              0x20001928   Data         400  texas.o(.bss)
    TimeBuffer3                              0x20001ab8   Data         400  texas.o(.bss)
    TimeBuffer4                              0x20001c48   Data          40  texas.o(.bss)
    TimeBuffer5                              0x20001c70   Data          40  texas.o(.bss)
    TimeBuffer6                              0x20001c98   Data          40  texas.o(.bss)
    __libspace_start                         0x20001d00   Data          96  libspace.o(.bss)
    __temporary_stack_top$libspace           0x20001d60   Data           0  libspace.o(.bss)



==============================================================================

Memory Map of the image

  Image Entry point : 0x000003a1

  Load Region LR_1 (Base: 0x00000000, Size: 0x00005da8, Max: 0xffffffff, ABSOLUTE, COMPRESSED[0x00005c78])

    Execution Region ER_RO (Base: 0x00000000, Size: 0x00005be8, Max: 0xffffffff, ABSOLUTE)

    Base Addr    Size         Type   Attr      Idx    E Section Name        Object

    0x00000000   0x0000026c   Data   RO         1502    RESET               startup_tm4c123.o
    0x0000026c   0x00000008   Code   RO         1574  * !!!main             c_w.l(__main.o)
    0x00000274   0x00000034   Code   RO         1733    !!!scatter          c_w.l(__scatter.o)
    0x000002a8   0x0000005a   Code   RO         1731    !!dczerorl2         c_w.l(__dczerorl2.o)
    0x00000302   0x00000002   PAD
    0x00000304   0x0000001c   Code   RO         1735    !!handler_zi        c_w.l(__scatter_zi.o)
    0x00000320   0x00000002   Code   RO         1601    .ARM.Collect$$libinit$$00000000  c_w.l(libinit.o)
    0x00000322   0x00000000   Code   RO         1608    .ARM.Collect$$libinit$$00000002  c_w.l(libinit2.o)
    0x00000322   0x00000000   Code   RO         1610    .ARM.Collect$$libinit$$00000004  c_w.l(libinit2.o)
    0x00000322   0x00000000   Code   RO         1613    .ARM.Collect$$libinit$$0000000A  c_w.l(libinit2.o)
    0x00000322   0x00000000   Code   RO         1615    .ARM.Collect$$libinit$$0000000C  c_w.l(libinit2.o)
    0x00000322   0x00000000   Code   RO         1617    .ARM.Collect$$libinit$$0000000E  c_w.l(libinit2.o)
    0x00000322   0x00000000   Code   RO         1620    .ARM.Collect$$libinit$$00000011  c_w.l(libinit2.o)
    0x00000322   0x00000000   Code   RO         1622    .ARM.Collect$$libinit$$00000013  c_w.l(libinit2.o)
    0x00000322   0x00000000   Code   RO         1624    .ARM.Collect$$libinit$$00000015  c_w.l(libinit2.o)
    0x00000322   0x00000000   Code   RO         1626    .ARM.Collect$$libinit$$00000017  c_w.l(libinit2.o)
    0x00000322   0x00000000   Code   RO         1628    .ARM.Collect$$libinit$$00000019  c_w.l(libinit2.o)
    0x00000322   0x00000000   Code   RO         1630    .ARM.Collect$$libinit$$0000001B  c_w.l(libinit2.o)
    0x00000322   0x00000000   Code   RO         1632    .ARM.Collect$$libinit$$0000001D  c_w.l(libinit2.o)
    0x00000322   0x00000000   Code   RO         1634    .ARM.Collect$$libinit$$0000001F  c_w.l(libinit2.o)
    0x00000322   0x00000000   Code   RO         1636    .ARM.Collect$$libinit$$00000021  c_w.l(libinit2.o)
    0x00000322   0x00000000   Code   RO         1638    .ARM.Collect$$libinit$$00000023  c_w.l(libinit2.o)
    0x00000322   0x00000000   Code   RO         1640    .ARM.Collect$$libinit$$00000025  c_w.l(libinit2.o)
    0x00000322   0x00000000   Code   RO         1644    .ARM.Collect$$libinit$$0000002C  c_w.l(libinit2.o)
    0x00000322   0x00000000   Code   RO         1646    .ARM.Collect$$libinit$$0000002E  c_w.l(libinit2.o)
    0x00000322   0x00000000   Code   RO         1648    .ARM.Collect$$libinit$$00000030  c_w.l(libinit2.o)
    0x00000322   0x00000000   Code   RO         1650    .ARM.Collect$$libinit$$00000032  c_w.l(libinit2.o)
    0x00000322   0x00000002   Code   RO         1651    .ARM.Collect$$libinit$$00000033  c_w.l(libinit2.o)
    0x00000324   0x00000002   Code   RO         1671    .ARM.Collect$$libshutdown$$00000000  c_w.l(libshutdown.o)
    0x00000326   0x00000000   Code   RO         1684    .ARM.Collect$$libshutdown$$00000002  c_w.l(libshutdown2.o)
    0x00000326   0x00000000   Code   RO         1686    .ARM.Collect$$libshutdown$$00000004  c_w.l(libshutdown2.o)
    0x00000326   0x00000000   Code   RO         1689    .ARM.Collect$$libshutdown$$00000007  c_w.l(libshutdown2.o)
    0x00000326   0x00000000   Code   RO         1692    .ARM.Collect$$libshutdown$$0000000A  c_w.l(libshutdown2.o)
    0x00000326   0x00000000   Code   RO         1694    .ARM.Collect$$libshutdown$$0000000C  c_w.l(libshutdown2.o)
    0x00000326   0x00000000   Code   RO         1697    .ARM.Collect$$libshutdown$$0000000F  c_w.l(libshutdown2.o)
    0x00000326   0x00000002   Code   RO         1698    .ARM.Collect$$libshutdown$$00000010  c_w.l(libshutdown2.o)
    0x00000328   0x00000000   Code   RO         1576    .ARM.Collect$$rtentry$$00000000  c_w.l(__rtentry.o)
    0x00000328   0x00000000   Code   RO         1578    .ARM.Collect$$rtentry$$00000002  c_w.l(__rtentry2.o)
    0x00000328   0x00000006   Code   RO         1590    .ARM.Collect$$rtentry$$00000004  c_w.l(__rtentry4.o)
    0x0000032e   0x00000000   Code   RO         1580    .ARM.Collect$$rtentry$$00000009  c_w.l(__rtentry2.o)
    0x0000032e   0x00000004   Code   RO         1581    .ARM.Collect$$rtentry$$0000000A  c_w.l(__rtentry2.o)
    0x00000332   0x00000000   Code   RO         1583    .ARM.Collect$$rtentry$$0000000C  c_w.l(__rtentry2.o)
    0x00000332   0x00000008   Code   RO         1584    .ARM.Collect$$rtentry$$0000000D  c_w.l(__rtentry2.o)
    0x0000033a   0x00000002   Code   RO         1605    .ARM.Collect$$rtexit$$00000000  c_w.l(rtexit.o)
    0x0000033c   0x00000000   Code   RO         1653    .ARM.Collect$$rtexit$$00000002  c_w.l(rtexit2.o)
    0x0000033c   0x00000004   Code   RO         1654    .ARM.Collect$$rtexit$$00000003  c_w.l(rtexit2.o)
    0x00000340   0x00000006   Code   RO         1655    .ARM.Collect$$rtexit$$00000004  c_w.l(rtexit2.o)
    0x00000346   0x00000002   PAD
    0x00000348   0x00000006   Code   RO            1    .emb_text           bsp.o
    0x0000034e   0x00000002   PAD
    0x00000350   0x00000006   Code   RO         1069    .emb_text           cortexm.o
    0x00000356   0x00000002   PAD
    0x00000358   0x00000048   Code   RO          499    .text               osasm.o
    0x000003a0   0x00000124   Code   RO         1503  * .text               startup_tm4c123.o
    0x000004c4   0x00000006   Code   RO         1572    .text               c_w.l(heapauxi.o)
    0x000004ca   0x0000004a   Code   RO         1592    .text               c_w.l(sys_stackheap_outer.o)
    0x00000514   0x00000012   Code   RO         1594    .text               c_w.l(exit.o)
    0x00000526   0x00000002   PAD
    0x00000528   0x00000008   Code   RO         1602    .text               c_w.l(libspace.o)
    0x00000530   0x0000000c   Code   RO         1663    .text               c_w.l(sys_exit.o)
    0x0000053c   0x00000002   Code   RO         1674    .text               c_w.l(use_no_semi.o)
    0x0000053e   0x00000000   Code   RO         1676    .text               c_w.l(indicate_semi.o)
    0x0000053e   0x00000002   PAD
    0x00000540   0x00000208   Code   RO          932    i.AP_BackgroundProcess  ap.o
    0x00000748   0x00000064   Code   RO          933    i.AP_EchoReceived   ap.o
    0x000007ac   0x00000054   Code   RO          934    i.AP_EchoSendMessage  ap.o
    0x00000800   0x00000014   Code   RO          935    i.AP_GetNotifyCCCD  ap.o
    0x00000814   0x0000000e   Code   RO          936    i.AP_GetSize        ap.o
    0x00000822   0x00000002   PAD
    0x00000824   0x000000e8   Code   RO          939    i.AP_Init           ap.o
    0x0000090c   0x00000134   Code   RO          940    i.AP_RecvMessage    ap.o
    0x00000a40   0x00000010   Code   RO          941    i.AP_RecvStatus     ap.o
    0x00000a50   0x00000028   Code   RO          943    i.AP_Reset          ap.o
    0x00000a78   0x000000d4   Code   RO          944    i.AP_SendMessage    ap.o
    0x00000b4c   0x0000003a   Code   RO          945    i.AP_SendMessageResponse  ap.o
    0x00000b86   0x00000002   PAD
    0x00000b88   0x000000d0   Code   RO          946    i.AP_SendNotification  ap.o
    0x00000c58   0x000000b0   Code   RO            2    i.BSP_Accelerometer_Init  bsp.o
    0x00000d08   0x00000048   Code   RO            3    i.BSP_Accelerometer_Input  bsp.o
    0x00000d50   0x00000080   Code   RO            4    i.BSP_Button1_Init  bsp.o
    0x00000dd0   0x0000000c   Code   RO            5    i.BSP_Button1_Input  bsp.o
    0x00000ddc   0x00000090   Code   RO            6    i.BSP_Button2_Init  bsp.o
    0x00000e6c   0x0000000c   Code   RO            7    i.BSP_Button2_Input  bsp.o
    0x00000e78   0x000000d4   Code   RO            8    i.BSP_Buzzer_Init   bsp.o
    0x00000f4c   0x00000020   Code   RO            9    i.BSP_Buzzer_Set    bsp.o
    0x00000f6c   0x0000000c   Code   RO           10    i.BSP_Clock_GetFreq  bsp.o
    0x00000f78   0x0000008c   Code   RO           11    i.BSP_Clock_InitFastest  bsp.o
    0x00001004   0x00000016   Code   RO           12    i.BSP_Delay1ms      bsp.o
    0x0000101a   0x00000002   PAD
    0x0000101c   0x00000130   Code   RO           13    i.BSP_Joystick_Init  bsp.o
    0x0000114c   0x00000040   Code   RO           14    i.BSP_Joystick_Input  bsp.o
    0x0000118c   0x00000018   Code   RO           15    i.BSP_LCD_Color565  bsp.o
    0x000011a4   0x00000110   Code   RO           17    i.BSP_LCD_DrawChar  bsp.o
    0x000012b4   0x0000007c   Code   RO           19    i.BSP_LCD_DrawFastHLine  bsp.o
    0x00001330   0x0000007c   Code   RO           20    i.BSP_LCD_DrawFastVLine  bsp.o
    0x000013ac   0x00000048   Code   RO           21    i.BSP_LCD_DrawPixel  bsp.o
    0x000013f4   0x00000056   Code   RO           22    i.BSP_LCD_DrawString  bsp.o
    0x0000144a   0x00000002   PAD
    0x0000144c   0x00000124   Code   RO           23    i.BSP_LCD_Drawaxes  bsp.o
    0x00001570   0x000000ac   Code   RO           24    i.BSP_LCD_FillRect  bsp.o
    0x0000161c   0x00000024   Code   RO           25    i.BSP_LCD_FillScreen  bsp.o
    0x00001640   0x0000000a   Code   RO           26    i.BSP_LCD_Init      bsp.o
    0x0000164a   0x00000002   PAD
    0x0000164c   0x00000088   Code   RO           28    i.BSP_LCD_OutUDec4  bsp.o
    0x000016d4   0x00000070   Code   RO           30    i.BSP_LCD_OutUFix2_1  bsp.o
    0x00001744   0x00000038   Code   RO           32    i.BSP_LCD_PlotIncrement  bsp.o
    0x0000177c   0x00000064   Code   RO           33    i.BSP_LCD_PlotPoint  bsp.o
    0x000017e0   0x00000020   Code   RO           34    i.BSP_LCD_SetCursor  bsp.o
    0x00001800   0x00000044   Code   RO           36    i.BSP_LightSensor_End  bsp.o
    0x00001844   0x00000054   Code   RO           37    i.BSP_LightSensor_Init  bsp.o
    0x00001898   0x0000001c   Code   RO           39    i.BSP_LightSensor_Start  bsp.o
    0x000018b4   0x000000ac   Code   RO           40    i.BSP_Microphone_Init  bsp.o
    0x00001960   0x0000002c   Code   RO           41    i.BSP_Microphone_Input  bsp.o
    0x0000198c   0x000000c0   Code   RO           42    i.BSP_PeriodicTask_Init  bsp.o
    0x00001a4c   0x000000bc   Code   RO           43    i.BSP_PeriodicTask_InitB  bsp.o
    0x00001b08   0x000000bc   Code   RO           44    i.BSP_PeriodicTask_InitC  bsp.o
    0x00001bc4   0x00000240   Code   RO           52    i.BSP_RGB_Init      bsp.o
    0x00001e04   0x00000050   Code   RO           53    i.BSP_RGB_Set       bsp.o
    0x00001e54   0x0000004c   Code   RO           54    i.BSP_TempSensor_End  bsp.o
    0x00001ea0   0x00000054   Code   RO           55    i.BSP_TempSensor_Init  bsp.o
    0x00001ef4   0x0000001c   Code   RO           57    i.BSP_TempSensor_Start  bsp.o
    0x00001f10   0x00000010   Code   RO           58    i.BSP_Time_Get      bsp.o
    0x00001f20   0x0000006c   Code   RO           59    i.BSP_Time_Init     bsp.o
    0x00001f8c   0x000001a4   Code   RO          776    i.Bluetooth_Init    lab6.o
    0x00002130   0x00000024   Code   RO          777    i.Bluetooth_ReadLight  lab6.o
    0x00002154   0x00000028   Code   RO          778    i.Bluetooth_ReadPlotState  lab6.o
    0x0000217c   0x00000028   Code   RO          779    i.Bluetooth_ReadSound  lab6.o
    0x000021a4   0x0000003c   Code   RO          780    i.Bluetooth_ReadTemperature  lab6.o
    0x000021e0   0x00000024   Code   RO          781    i.Bluetooth_ReadTime  lab6.o
    0x00002204   0x0000001c   Code   RO          782    i.Bluetooth_Steps   lab6.o
    0x00002220   0x00000048   Code   RO          783    i.Bluetooth_WritePlotState  lab6.o
    0x00002268   0x00000052   Code   RO          634    i.BuildAddCharDescriptorMsg  ap_lab6.o
    0x000022ba   0x0000004c   Code   RO          635    i.BuildAddCharValueMsg  ap_lab6.o
    0x00002306   0x00000056   Code   RO          636    i.BuildAddNotifyCharDescriptorMsg  ap_lab6.o
    0x0000235c   0x00000030   Code   RO          637    i.BuildAddServiceMsg  ap_lab6.o
    0x0000238c   0x0000001e   Code   RO          638    i.BuildGetStatusMsg  ap_lab6.o
    0x000023aa   0x0000001e   Code   RO          639    i.BuildGetVersionMsg  ap_lab6.o
    0x000023c8   0x0000001e   Code   RO          640    i.BuildRegisterServiceMsg  ap_lab6.o
    0x000023e6   0x00000048   Code   RO          641    i.BuildSetAdvertisementData1Msg  ap_lab6.o
    0x0000242e   0x0000007e   Code   RO          642    i.BuildSetAdvertisementDataMsg  ap_lab6.o
    0x000024ac   0x0000004a   Code   RO          643    i.BuildSetDeviceNameMsg  ap_lab6.o
    0x000024f6   0x0000004e   Code   RO          644    i.BuildStartAdvertisementMsg  ap_lab6.o
    0x00002544   0x00000016   Code   RO         1070    i.Clock_Delay1ms    cortexm.o
    0x0000255a   0x00000002   PAD
    0x0000255c   0x00000068   Code   RO         1253    i.Encrypt           texas.o
    0x000025c4   0x0000013c   Code   RO         1085    i.GPIO_Init         gpio.o
    0x00002700   0x0000001c   Code   RO          645    i.GetStringLength   ap_lab6.o
    0x0000271c   0x00000018   Code   RO          646    i.GetStringLength_withoutNULchar  ap_lab6.o
    0x00002734   0x00000078   Code   RO           60    i.I2C_Recv2         bsp.o
    0x000027ac   0x00000048   Code   RO           61    i.I2C_Send1         bsp.o
    0x000027f4   0x000000b0   Code   RO           62    i.I2C_Send3         bsp.o
    0x000028a4   0x00000058   Code   RO         1254    i.Lab6BuildAddCharDescriptorMsgSolution  texas.o
    0x000028fc   0x00000040   Code   RO         1255    i.Lab6BuildAddCharValueMsgSolution  texas.o
    0x0000293c   0x0000005c   Code   RO         1256    i.Lab6BuildAddNotifyCharDescriptorMsgSolution  texas.o
    0x00002998   0x0000002c   Code   RO         1257    i.Lab6BuildAddServiceMsgSolution  texas.o
    0x000029c4   0x0000001e   Code   RO         1258    i.Lab6BuildGetStatusMsgSolution  texas.o
    0x000029e2   0x0000001e   Code   RO         1259    i.Lab6BuildGetVersionMsgSolution  texas.o
    0x00002a00   0x0000001e   Code   RO         1260    i.Lab6BuildRegisterServiceMsgSolution  texas.o
    0x00002a1e   0x00000048   Code   RO         1261    i.Lab6BuildSetAdvertisementData1MsgSolution  texas.o
    0x00002a66   0x0000007e   Code   RO         1262    i.Lab6BuildSetAdvertisementDataMsgSolution  texas.o
    0x00002ae4   0x00000044   Code   RO         1263    i.Lab6BuildSetDeviceNameMsgSolution  texas.o
    0x00002b28   0x0000004c   Code   RO         1264    i.Lab6BuildStartAdvertisementMsgSolution  texas.o
    0x00002b74   0x00000088   Code   RO         1265    i.Lab6GradeAddCharDescriptorMsg  texas.o
    0x00002bfc   0x0000008c   Code   RO         1266    i.Lab6GradeAddCharValueMsg  texas.o
    0x00002c88   0x0000008c   Code   RO         1267    i.Lab6GradeAddNotifyCharDescriptorMsg  texas.o
    0x00002d14   0x00000090   Code   RO         1268    i.Lab6GradeAddServiceMsg  texas.o
    0x00002da4   0x00000050   Code   RO         1269    i.Lab6GradeGetStatusMsg  texas.o
    0x00002df4   0x00000050   Code   RO         1270    i.Lab6GradeGetVersionMsg  texas.o
    0x00002e44   0x00000054   Code   RO         1271    i.Lab6GradeRegisterServiceMsg  texas.o
    0x00002e98   0x0000005c   Code   RO         1272    i.Lab6GradeSetAdvertisementData1Msg  texas.o
    0x00002ef4   0x00000090   Code   RO         1273    i.Lab6GradeSetAdvertisementDataMsg  texas.o
    0x00002f84   0x0000008c   Code   RO         1274    i.Lab6GradeSetDeviceNameMsg  texas.o
    0x00003010   0x00000070   Code   RO         1275    i.Lab6GradeStartAdvertisementMsg  texas.o
    0x00003080   0x0000009c   Code   RO         1276    i.Lab6OutCheck      texas.o
    0x0000311c   0x00000120   Code   RO          647    i.Lab6_AddCharacteristic  ap_lab6.o
    0x0000323c   0x00000150   Code   RO          648    i.Lab6_AddNotifyCharacteristic  ap_lab6.o
    0x0000338c   0x0000003c   Code   RO          649    i.Lab6_AddService   ap_lab6.o
    0x000033c8   0x00000054   Code   RO          650    i.Lab6_GetStatus    ap_lab6.o
    0x0000341c   0x00000044   Code   RO          651    i.Lab6_GetVersion   ap_lab6.o
    0x00003460   0x0000003c   Code   RO          652    i.Lab6_RegisterService  ap_lab6.o
    0x0000349c   0x000000e8   Code   RO          653    i.Lab6_StartAdvertisement  ap_lab6.o
    0x00003584   0x00000014   Code   RO         1277    i.LogicAnalyzer     texas.o
    0x00003598   0x00000024   Code   RO         1278    i.NextRandom        texas.o
    0x000035bc   0x0000004c   Code   RO          502    i.OS_AddPeriodicEventThread  os.o
    0x00003608   0x000000bc   Code   RO          503    i.OS_AddThreads     os.o
    0x000036c4   0x00000038   Code   RO          504    i.OS_FIFO_Get       os.o
    0x000036fc   0x0000002c   Code   RO          505    i.OS_FIFO_Init      os.o
    0x00003728   0x00000054   Code   RO          506    i.OS_FIFO_Put       os.o
    0x0000377c   0x00000028   Code   RO          507    i.OS_Init           os.o
    0x000037a4   0x00000004   Code   RO          508    i.OS_InitSemaphore  os.o
    0x000037a8   0x00000034   Code   RO          509    i.OS_Launch         os.o
    0x000037dc   0x00000034   Code   RO          510    i.OS_Signal         os.o
    0x00003810   0x00000014   Code   RO          511    i.OS_Sleep          os.o
    0x00003824   0x00000018   Code   RO          512    i.OS_Suspend        os.o
    0x0000383c   0x0000002c   Code   RO          513    i.OS_Wait           os.o
    0x00003868   0x00000014   Code   RO          784    i.OutValue          lab6.o
    0x0000387c   0x0000000c   Code   RO          514    i.Period2FreqConvert  os.o
    0x00003888   0x000000bc   Code   RO         1279    i.PeriodicTask2_Init  texas.o
    0x00003944   0x000001d4   Code   RO          617    i.Profile_Init      profile.o
    0x00003b18   0x00000038   Code   RO         1175    i.RxFifo_Get        uart1.o
    0x00003b50   0x0000001c   Code   RO         1176    i.RxFifo_Init       uart1.o
    0x00003b6c   0x00000048   Code   RO         1177    i.RxFifo_Put        uart1.o
    0x00003bb4   0x00000074   Code   RO           63    i.ST7735_InitR      bsp.o
    0x00003c28   0x00000030   Code   RO          515    i.Scheduler         os.o
    0x00003c58   0x00000020   Code   RO          654    i.SetFCS            ap_lab6.o
    0x00003c78   0x00000026   Code   RO         1281    i.SetFCSSolution    texas.o
    0x00003c9e   0x00000002   PAD
    0x00003ca0   0x000000cc   Code   RO         1282    i.SetGrade          texas.o
    0x00003d6c   0x00000150   Code   RO          516    i.SetInitialStack   os.o
    0x00003ebc   0x000000a8   Code   RO         1283    i.TExaS_Grade       texas.o
    0x00003f64   0x00000194   Code   RO         1284    i.TExaS_Init        texas.o
    0x000040f8   0x00000040   Code   RO         1286    i.TExaS_Task0       texas.o
    0x00004138   0x00000040   Code   RO         1287    i.TExaS_Task1       texas.o
    0x00004178   0x00000040   Code   RO         1288    i.TExaS_Task2       texas.o
    0x000041b8   0x00000040   Code   RO         1289    i.TExaS_Task3       texas.o
    0x000041f8   0x00000040   Code   RO         1290    i.TExaS_Task4       texas.o
    0x00004238   0x00000040   Code   RO         1291    i.TExaS_Task5       texas.o
    0x00004278   0x00000040   Code   RO         1292    i.TExaS_Task6       texas.o
    0x000042b8   0x00000018   Code   RO         1293    i.TIMER5A_Handler   texas.o
    0x000042d0   0x0000008c   Code   RO          785    i.Task0             lab6.o
    0x0000435c   0x00000014   Code   RO          786    i.Task0_Init        lab6.o
    0x00004370   0x00000074   Code   RO          787    i.Task1             lab6.o
    0x000043e4   0x00000068   Code   RO          788    i.Task1_Init        lab6.o
    0x0000444c   0x000001c4   Code   RO          789    i.Task2             lab6.o
    0x00004610   0x00000148   Code   RO          790    i.Task3             lab6.o
    0x00004758   0x00000068   Code   RO          791    i.Task4             lab6.o
    0x000047c0   0x00000180   Code   RO          792    i.Task5             lab6.o
    0x00004940   0x00000054   Code   RO          793    i.Task6             lab6.o
    0x00004994   0x00000038   Code   RO          794    i.Task7             lab6.o
    0x000049cc   0x0000009c   Code   RO         1104    i.UART0_Init        uart0.o
    0x00004a68   0x00000018   Code   RO         1105    i.UART0_OutChar     uart0.o
    0x00004a80   0x00000018   Code   RO         1106    i.UART0_OutString   uart0.o
    0x00004a98   0x0000002a   Code   RO         1107    i.UART0_OutUDec     uart0.o
    0x00004ac2   0x00000034   Code   RO         1108    i.UART0_OutUHex     uart0.o
    0x00004af6   0x00000014   Code   RO         1109    i.UART0_OutUHex2    uart0.o
    0x00004b0a   0x00000002   PAD
    0x00004b0c   0x00000024   Code   RO         1178    i.UART1_FinishOutput  uart1.o
    0x00004b30   0x00000030   Code   RO         1179    i.UART1_Handler     uart1.o
    0x00004b60   0x00000014   Code   RO         1180    i.UART1_InChar      uart1.o
    0x00004b74   0x00000018   Code   RO         1181    i.UART1_InStatus    uart1.o
    0x00004b8c   0x000000cc   Code   RO         1182    i.UART1_Init        uart1.o
    0x00004c58   0x00000018   Code   RO         1183    i.UART1_OutChar     uart1.o
    0x00004c70   0x00000018   Code   RO           64    i.WideTimer3A_Handler  bsp.o
    0x00004c88   0x00000018   Code   RO           65    i.WideTimer4A_Handler  bsp.o
    0x00004ca0   0x00000018   Code   RO           66    i.WideTimer5A_Handler  bsp.o
    0x00004cb8   0x0000004c   Code   RO           67    i.adcinit           bsp.o
    0x00004d04   0x00000056   Code   RO           68    i.commandList       bsp.o
    0x00004d5a   0x00000002   PAD
    0x00004d5c   0x00000204   Code   RO           69    i.commonInit        bsp.o
    0x00004f60   0x00000028   Code   RO         1185    i.copyHardwareToSoftware  uart1.o
    0x00004f88   0x00000114   Code   RO          795    i.drawaxes          lab6.o
    0x0000509c   0x00000048   Code   RO           70    i.fillmessage       bsp.o
    0x000050e4   0x00000060   Code   RO           71    i.fillmessage2_1    bsp.o
    0x00005144   0x00000064   Code   RO           73    i.fillmessage4      bsp.o
    0x000051a8   0x00000094   Code   RO           75    i.i2cinit           bsp.o
    0x0000523c   0x00000050   Code   RO           76    i.lightsensorend    bsp.o
    0x0000528c   0x00000024   Code   RO           77    i.lightsensorstart  bsp.o
    0x000052b0   0x00000104   Code   RO          796    i.main              lab6.o
    0x000053b4   0x00000020   Code   RO         1110    i.outnibble         uart0.o
    0x000053d4   0x00000012   Code   RO           78    i.pushColor         bsp.o
    0x000053e6   0x00000002   PAD
    0x000053e8   0x00000030   Code   RO          517    i.runperiodicevents  os.o
    0x00005418   0x00000074   Code   RO           79    i.setAddrWindow     bsp.o
    0x0000548c   0x0000001e   Code   RO          797    i.sqrt32            lab6.o
    0x000054aa   0x00000044   Code   RO           80    i.tempsensorend     bsp.o
    0x000054ee   0x00000012   Code   RO           81    i.tempsensorstart   bsp.o
    0x00005500   0x00000048   Code   RO           82    i.writecommand      bsp.o
    0x00005548   0x00000048   Code   RO           83    i.writedata         bsp.o
    0x00005590   0x0000057b   Data   RO           85    .constdata          bsp.o
    0x00005b0b   0x00000001   PAD
    0x00005b0c   0x00000074   Data   RO          949    .constdata          ap.o
    0x00005b80   0x00000048   Data   RO         1295    .constdata          texas.o
    0x00005bc8   0x00000020   Data   RO         1729    Region$$Table       anon$$obj.o


    Execution Region ER_RW (Base: 0x20000000, Size: 0x000001c0, Max: 0xffffffff, ABSOLUTE, COMPRESSED[0x00000090])

    Base Addr    Size         Type   Attr      Idx    E Section Name        Object

    0x20000000   0x00000044   Data   RW           86    .data               bsp.o
    0x20000044   0x00000020   Data   RW          519    .data               os.o
    0x20000064   0x0000005a   Data   RW          799    .data               lab6.o
    0x200000be   0x00000002   PAD
    0x200000c0   0x000000c8   Data   RW          950    .data               ap.o
    0x20000188   0x0000000c   Data   RW         1187    .data               uart1.o
    0x20000194   0x0000002c   Data   RW         1296    .data               texas.o


    Execution Region ER_ZI (Base: 0x200001c0, Size: 0x00001da0, Max: 0xffffffff, ABSOLUTE)

    Base Addr    Size         Type   Attr      Idx    E Section Name        Object

    0x200001c0   0x0000000c   Zero   RW           84    .bss                bsp.o
    0x200001cc   0x000009e8   Zero   RW          518    .bss                os.o
    0x20000bb4   0x000007d0   Zero   RW          798    .bss                lab6.o
    0x20001384   0x00000170   Zero   RW          948    .bss                ap.o
    0x200014f4   0x00000100   Zero   RW         1186    .bss                uart1.o
    0x200015f4   0x0000070c   Zero   RW         1294    .bss                texas.o
    0x20001d00   0x00000060   Zero   RW         1603    .bss                c_w.l(libspace.o)
    0x20001d60   0x00000000   Zero   RW         1501    HEAP                startup_tm4c123.o
    0x20001d60   0x00000200   Zero   RW         1500    STACK               startup_tm4c123.o


==============================================================================

Image component sizes


      Code (inc. data)   RO Data    RW Data    ZI Data      Debug   Object Name

      1812        212        116        200        368      11201   ap.o
      1944        344          0          0          0      14188   ap_lab6.o
      7046        782       1403         68         12      43011   bsp.o
        28          0          0          0          0        801   cortexm.o
       316         42          0          0          0        468   gpio.o
      3106        716          0         90       2000      12579   lab6.o
      1128        120          0         32       2536       8860   os.o
        72          4          0          0          0        232   osasm.o
       468         50          0          0          0        527   profile.o
       292         18        620          0        512       5668   startup_tm4c123.o
      3802        882         72         44       1804      25958   texas.o
       350         24          0          0          0       3292   uart0.o
       552         92          0         12        256       5780   uart1.o

    ----------------------------------------------------------------------
     20940       3286       2244        448       7488     132565   Object Totals
         0          0         32          0          0          0   (incl. Generated)
        24          0          1          2          0          0   (incl. Padding)

    ----------------------------------------------------------------------

      Code (inc. data)   RO Data    RW Data    ZI Data      Debug   Library Member Name

        90          0          0          0          0          0   __dczerorl2.o
         8          0          0          0          0         68   __main.o
         0          0          0          0          0          0   __rtentry.o
        12          0          0          0          0          0   __rtentry2.o
         6          0          0          0          0          0   __rtentry4.o
        52          8          0          0          0          0   __scatter.o
        28          0          0          0          0          0   __scatter_zi.o
        18          0          0          0          0         80   exit.o
         6          0          0          0          0        152   heapauxi.o
         0          0          0          0          0          0   indicate_semi.o
         2          0          0          0          0          0   libinit.o
         2          0          0          0          0          0   libinit2.o
         2          0          0          0          0          0   libshutdown.o
         2          0          0          0          0          0   libshutdown2.o
         8          4          0          0         96         68   libspace.o
         2          0          0          0          0          0   rtexit.o
        10          0          0          0          0          0   rtexit2.o
        12          4          0          0          0         68   sys_exit.o
        74          0          0          0          0         80   sys_stackheap_outer.o
         2          0          0          0          0         68   use_no_semi.o

    ----------------------------------------------------------------------
       344         16          0          0         96        584   Library Totals
         8          0          0          0          0          0   (incl. Padding)

    ----------------------------------------------------------------------

      Code (inc. data)   RO Data    RW Data    ZI Data      Debug   Library Name

       336         16          0          0         96        584   c_w.l

    ----------------------------------------------------------------------
       344         16          0          0         96        584   Library Totals

    ----------------------------------------------------------------------

==============================================================================


      Code (inc. data)   RO Data    RW Data    ZI Data      Debug   

     21284       3302       2244        448       7584     122953   Grand Totals
     21284       3302       2244        144       7584     122953   ELF Image Totals (compressed)
     21284       3302       2244        144          0          0   ROM Totals

==============================================================================

    Total RO  Size (Code + RO Data)                23528 (  22.98kB)
    Total RW  Size (RW Data + ZI Data)              8032 (   7.84kB)
    Total ROM Size (Code + RO Data + RW Data)      23672 (  23.12kB)

==============================================================================

